Archive member included to satisfy reference by file (symbol)

c:/program files (x86)/gnu tools arm embedded/5.2 2015q4/bin/../lib/gcc/arm-none-eabi/5.2.1/../../../../arm-none-eabi/lib/armv7-m\libm.a(lib_a-sf_cos.o)
                              obj/CUPDRONE/gps.o (cosf)
c:/program files (x86)/gnu tools arm embedded/5.2 2015q4/bin/../lib/gcc/arm-none-eabi/5.2.1/../../../../arm-none-eabi/lib/armv7-m\libm.a(lib_a-sf_lrint.o)
                              obj/CUPDRONE/imu.o (lrintf)
c:/program files (x86)/gnu tools arm embedded/5.2 2015q4/bin/../lib/gcc/arm-none-eabi/5.2.1/../../../../arm-none-eabi/lib/armv7-m\libm.a(lib_a-sf_sin.o)
                              obj/CUPDRONE/gps.o (sinf)
c:/program files (x86)/gnu tools arm embedded/5.2 2015q4/bin/../lib/gcc/arm-none-eabi/5.2.1/../../../../arm-none-eabi/lib/armv7-m\libm.a(lib_a-wf_atan2.o)
                              obj/CUPDRONE/gps.o (atan2f)
c:/program files (x86)/gnu tools arm embedded/5.2 2015q4/bin/../lib/gcc/arm-none-eabi/5.2.1/../../../../arm-none-eabi/lib/armv7-m\libm.a(lib_a-wf_pow.o)
                              obj/CUPDRONE/imu.o (powf)
c:/program files (x86)/gnu tools arm embedded/5.2 2015q4/bin/../lib/gcc/arm-none-eabi/5.2.1/../../../../arm-none-eabi/lib/armv7-m\libm.a(lib_a-wf_sqrt.o)
                              obj/CUPDRONE/gps.o (sqrtf)
c:/program files (x86)/gnu tools arm embedded/5.2 2015q4/bin/../lib/gcc/arm-none-eabi/5.2.1/../../../../arm-none-eabi/lib/armv7-m\libm.a(lib_a-ef_atan2.o)
                              c:/program files (x86)/gnu tools arm embedded/5.2 2015q4/bin/../lib/gcc/arm-none-eabi/5.2.1/../../../../arm-none-eabi/lib/armv7-m\libm.a(lib_a-wf_atan2.o) (__ieee754_atan2f)
c:/program files (x86)/gnu tools arm embedded/5.2 2015q4/bin/../lib/gcc/arm-none-eabi/5.2.1/../../../../arm-none-eabi/lib/armv7-m\libm.a(lib_a-ef_pow.o)
                              c:/program files (x86)/gnu tools arm embedded/5.2 2015q4/bin/../lib/gcc/arm-none-eabi/5.2.1/../../../../arm-none-eabi/lib/armv7-m\libm.a(lib_a-wf_pow.o) (__ieee754_powf)
c:/program files (x86)/gnu tools arm embedded/5.2 2015q4/bin/../lib/gcc/arm-none-eabi/5.2.1/../../../../arm-none-eabi/lib/armv7-m\libm.a(lib_a-ef_rem_pio2.o)
                              c:/program files (x86)/gnu tools arm embedded/5.2 2015q4/bin/../lib/gcc/arm-none-eabi/5.2.1/../../../../arm-none-eabi/lib/armv7-m\libm.a(lib_a-sf_cos.o) (__ieee754_rem_pio2f)
c:/program files (x86)/gnu tools arm embedded/5.2 2015q4/bin/../lib/gcc/arm-none-eabi/5.2.1/../../../../arm-none-eabi/lib/armv7-m\libm.a(lib_a-ef_sqrt.o)
                              c:/program files (x86)/gnu tools arm embedded/5.2 2015q4/bin/../lib/gcc/arm-none-eabi/5.2.1/../../../../arm-none-eabi/lib/armv7-m\libm.a(lib_a-wf_sqrt.o) (__ieee754_sqrtf)
c:/program files (x86)/gnu tools arm embedded/5.2 2015q4/bin/../lib/gcc/arm-none-eabi/5.2.1/../../../../arm-none-eabi/lib/armv7-m\libm.a(lib_a-kf_cos.o)
                              c:/program files (x86)/gnu tools arm embedded/5.2 2015q4/bin/../lib/gcc/arm-none-eabi/5.2.1/../../../../arm-none-eabi/lib/armv7-m\libm.a(lib_a-sf_cos.o) (__kernel_cosf)
c:/program files (x86)/gnu tools arm embedded/5.2 2015q4/bin/../lib/gcc/arm-none-eabi/5.2.1/../../../../arm-none-eabi/lib/armv7-m\libm.a(lib_a-kf_rem_pio2.o)
                              c:/program files (x86)/gnu tools arm embedded/5.2 2015q4/bin/../lib/gcc/arm-none-eabi/5.2.1/../../../../arm-none-eabi/lib/armv7-m\libm.a(lib_a-ef_rem_pio2.o) (__kernel_rem_pio2f)
c:/program files (x86)/gnu tools arm embedded/5.2 2015q4/bin/../lib/gcc/arm-none-eabi/5.2.1/../../../../arm-none-eabi/lib/armv7-m\libm.a(lib_a-kf_sin.o)
                              c:/program files (x86)/gnu tools arm embedded/5.2 2015q4/bin/../lib/gcc/arm-none-eabi/5.2.1/../../../../arm-none-eabi/lib/armv7-m\libm.a(lib_a-sf_cos.o) (__kernel_sinf)
c:/program files (x86)/gnu tools arm embedded/5.2 2015q4/bin/../lib/gcc/arm-none-eabi/5.2.1/../../../../arm-none-eabi/lib/armv7-m\libm.a(lib_a-s_lib_ver.o)
                              c:/program files (x86)/gnu tools arm embedded/5.2 2015q4/bin/../lib/gcc/arm-none-eabi/5.2.1/../../../../arm-none-eabi/lib/armv7-m\libm.a(lib_a-wf_pow.o) (__fdlib_version)
c:/program files (x86)/gnu tools arm embedded/5.2 2015q4/bin/../lib/gcc/arm-none-eabi/5.2.1/../../../../arm-none-eabi/lib/armv7-m\libm.a(lib_a-s_matherr.o)
                              c:/program files (x86)/gnu tools arm embedded/5.2 2015q4/bin/../lib/gcc/arm-none-eabi/5.2.1/../../../../arm-none-eabi/lib/armv7-m\libm.a(lib_a-wf_pow.o) (matherr)
c:/program files (x86)/gnu tools arm embedded/5.2 2015q4/bin/../lib/gcc/arm-none-eabi/5.2.1/../../../../arm-none-eabi/lib/armv7-m\libm.a(lib_a-s_rint.o)
                              c:/program files (x86)/gnu tools arm embedded/5.2 2015q4/bin/../lib/gcc/arm-none-eabi/5.2.1/../../../../arm-none-eabi/lib/armv7-m\libm.a(lib_a-wf_pow.o) (rint)
[...]
Memory Configuration

Name             Origin             Length             Attributes
FLASH            0x08003000         0x0001cc00         xr
RAM              0x20000000         0x00005000         xrw
MEMORY_B1        0x60000000         0x00000000         xr
*default*        0x00000000         0xffffffff

Linker script and memory map

LOAD c:/program files (x86)/gnu tools arm embedded/5.2 2015q4/bin/../lib/gcc/arm-none-eabi/5.2.1/armv7-m/crti.o
LOAD c:/program files (x86)/gnu tools arm embedded/5.2 2015q4/bin/../lib/gcc/arm-none-eabi/5.2.1/armv7-m/crtbegin.o
LOAD c:/program files (x86)/gnu tools arm embedded/5.2 2015q4/bin/../lib/gcc/arm-none-eabi/5.2.1/../../../../arm-none-eabi/lib/armv7-m/crt0.o
LOAD obj/CUPDRONE/drv_adc.o
LOAD obj/CUPDRONE/drv_adxl345.o
LOAD obj/CUPDRONE/drv_bma280.o
LOAD obj/CUPDRONE/drv_bmp085.o
LOAD obj/CUPDRONE/drv_ms5611.o
LOAD obj/CUPDRONE/drv_hcsr04.o
LOAD obj/CUPDRONE/drv_hmc5883l.o
LOAD obj/CUPDRONE/drv_ledring.o
LOAD obj/CUPDRONE/drv_mma845x.o
LOAD obj/CUPDRONE/drv_mpu3050.o
LOAD obj/CUPDRONE/drv_mpu6050.o
LOAD obj/CUPDRONE/drv_l3g4200d.o
LOAD obj/CUPDRONE/drv_pwm.o
LOAD obj/CUPDRONE/drv_spi.o
LOAD obj/CUPDRONE/drv_timer.o
LOAD obj/CUPDRONE/hexairbot.o
LOAD obj/CUPDRONE/startup_stm32f10x_md_gcc.o
LOAD obj/CUPDRONE/buzzer.o
LOAD obj/CUPDRONE/cli.o
LOAD obj/CUPDRONE/config.o
LOAD obj/CUPDRONE/gps.o
LOAD obj/CUPDRONE/imu.o
LOAD obj/CUPDRONE/main.o
LOAD obj/CUPDRONE/mixer.o
LOAD obj/CUPDRONE/mw.o
LOAD obj/CUPDRONE/sensors.o
LOAD obj/CUPDRONE/serial.o
LOAD obj/CUPDRONE/sbus.o
LOAD obj/CUPDRONE/sumd.o
LOAD obj/CUPDRONE/spektrum.o
LOAD obj/CUPDRONE/telemetry.o
LOAD obj/CUPDRONE/drv_gpio.o
LOAD obj/CUPDRONE/drv_i2c.o
LOAD obj/CUPDRONE/drv_i2c_soft.o
LOAD obj/CUPDRONE/drv_system.o
LOAD obj/CUPDRONE/drv_serial.o
LOAD obj/CUPDRONE/drv_softserial.o
LOAD obj/CUPDRONE/drv_uart.o
LOAD obj/CUPDRONE/drv_vcom.o
LOAD obj/CUPDRONE/drv_vcom_q.o
LOAD obj/CUPDRONE/printf.o
LOAD obj/CUPDRONE/utils.o
LOAD obj/CUPDRONE/system_stm32f10x.o
LOAD obj/CUPDRONE/misc.o
LOAD obj/CUPDRONE/stm32f10x_adc.o
LOAD obj/CUPDRONE/stm32f10x_bkp.o
LOAD obj/CUPDRONE/stm32f10x_can.o
LOAD obj/CUPDRONE/stm32f10x_cec.o
LOAD obj/CUPDRONE/stm32f10x_crc.o
LOAD obj/CUPDRONE/stm32f10x_dac.o
LOAD obj/CUPDRONE/stm32f10x_dbgmcu.o
LOAD obj/CUPDRONE/stm32f10x_dma.o
LOAD obj/CUPDRONE/stm32f10x_exti.o
LOAD obj/CUPDRONE/stm32f10x_flash.o
LOAD obj/CUPDRONE/stm32f10x_fsmc.o
LOAD obj/CUPDRONE/stm32f10x_gpio.o
LOAD obj/CUPDRONE/stm32f10x_i2c.o
LOAD obj/CUPDRONE/stm32f10x_iwdg.o
LOAD obj/CUPDRONE/stm32f10x_pwr.o
LOAD obj/CUPDRONE/stm32f10x_rcc.o
LOAD obj/CUPDRONE/stm32f10x_rtc.o
LOAD obj/CUPDRONE/stm32f10x_sdio.o
LOAD obj/CUPDRONE/stm32f10x_spi.o
LOAD obj/CUPDRONE/stm32f10x_tim.o
LOAD obj/CUPDRONE/stm32f10x_usart.o
LOAD obj/CUPDRONE/stm32f10x_wwdg.o
LOAD obj/CUPDRONE/croutine.o
LOAD obj/CUPDRONE/list.o
LOAD obj/CUPDRONE/queue.o
LOAD obj/CUPDRONE/tasks.o
LOAD obj/CUPDRONE/timers.o
LOAD obj/CUPDRONE/cmsis_os.o
LOAD obj/CUPDRONE/heap_2.o
LOAD obj/CUPDRONE/port.o
LOAD obj/CUPDRONE/usb_core.o
LOAD obj/CUPDRONE/usb_init.o
LOAD obj/CUPDRONE/usb_int.o
LOAD obj/CUPDRONE/usb_mem.o
LOAD obj/CUPDRONE/usb_regs.o
LOAD obj/CUPDRONE/usb_sil.o
LOAD obj/CUPDRONE/hw_config.o
LOAD obj/CUPDRONE/usb_desc.o
LOAD obj/CUPDRONE/usb_endp.o
LOAD obj/CUPDRONE/usb_istr.o
LOAD obj/CUPDRONE/usb_prop.o
LOAD obj/CUPDRONE/usb_pwr.o
LOAD obj/CUPDRONE/thread_main.o
LOAD obj/CUPDRONE/thread_menu.o
LOAD obj/CUPDRONE/thread_mw.o
LOAD obj/CUPDRONE/thread_nrf.o
LOAD c:/program files (x86)/gnu tools arm embedded/5.2 2015q4/bin/../lib/gcc/arm-none-eabi/5.2.1/../../../../arm-none-eabi/lib/armv7-m\libm.a
START GROUP
LOAD c:/program files (x86)/gnu tools arm embedded/5.2 2015q4/bin/../lib/gcc/arm-none-eabi/5.2.1/armv7-m\libgcc.a
LOAD c:/program files (x86)/gnu tools arm embedded/5.2 2015q4/bin/../lib/gcc/arm-none-eabi/5.2.1/../../../../arm-none-eabi/lib/armv7-m\libc.a
END GROUP
LOAD c:/program files (x86)/gnu tools arm embedded/5.2 2015q4/bin/../lib/gcc/arm-none-eabi/5.2.1/armv7-m/crtend.o
LOAD c:/program files (x86)/gnu tools arm embedded/5.2 2015q4/bin/../lib/gcc/arm-none-eabi/5.2.1/armv7-m/crtn.o
                0x20005000                _estack = 0x20005000
                0x00000000                _Min_Heap_Size = 0x0
                0x00000400                _Min_Stack_Size = 0x400

.isr_vector     0x08003000      0x10c
                0x08003000                . = ALIGN (0x4)
 *(.isr_vector)
 .isr_vector    0x08003000      0x10c obj/CUPDRONE/startup_stm32f10x_md_gcc.o
                0x08003000                g_pfnVectors
                0x0800310c                . = ALIGN (0x4)

.text           0x08003110    0x153bc
                0x08003110                . = ALIGN (0x4)
 *(.text)
 .text          0x08003110       0xa4 c:/program files (x86)/gnu tools arm embedded/5.2 2015q4/bin/../lib/gcc/arm-none-eabi/5.2.1/armv7-m/crtbegin.o
 .text          0x080031b4      0x370 c:/program files (x86)/gnu tools arm embedded/5.2 2015q4/bin/../lib/gcc/arm-none-eabi/5.2.1/armv7-m\libgcc.a(_arm_addsubdf3.o)
                0x080031b4                __aeabi_drsub
                0x080031bc                __aeabi_dsub
                0x080031bc                __subdf3
                0x080031c0                __aeabi_dadd
                0x080031c0                __adddf3
                0x08003438                __floatunsidf
                0x08003438                __aeabi_ui2d
                0x08003458                __floatsidf
                0x08003458                __aeabi_i2d
                0x0800347c                __aeabi_f2d
                0x0800347c                __extendsfdf2
                0x080034b8                __floatundidf
                0x080034b8                __aeabi_ul2d
                0x080034c8                __floatdidf
                0x080034c8                __aeabi_l2d
 .text          0x08003524      0x424 c:/program files (x86)/gnu tools arm embedded/5.2 2015q4/bin/../lib/gcc/arm-none-eabi/5.2.1/armv7-m\libgcc.a(_arm_muldivdf3.o)
                0x08003524                __aeabi_dmul
                0x08003524                __muldf3
                0x08003778                __divdf3
                0x08003778                __aeabi_ddiv
 .text          0x08003948      0x110 c:/program files (x86)/gnu tools arm embedded/5.2 2015q4/bin/../lib/gcc/arm-none-eabi/5.2.1/armv7-m\libgcc.a(_arm_cmpdf2.o)
                0x08003948                __gtdf2
                0x08003948                __gedf2
                0x08003950                __ltdf2
                0x08003950                __ledf2
                0x08003958                __nedf2
                0x08003958                __eqdf2
                0x08003958                __cmpdf2
                0x080039d4                __aeabi_cdrcmple
                0x080039e4                __aeabi_cdcmpeq
                0x080039e4                __aeabi_cdcmple
                0x080039f4                __aeabi_dcmpeq
                0x08003a08                __aeabi_dcmplt
                0x08003a1c                __aeabi_dcmple
                0x08003a30                __aeabi_dcmpge
                0x08003a44                __aeabi_dcmpgt
 .text          0x08003a58       0xa0 c:/program files (x86)/gnu tools arm embedded/5.2 2015q4/bin/../lib/gcc/arm-none-eabi/5.2.1/armv7-m\libgcc.a(_arm_truncdfsf2.o)
                0x08003a58                __truncdfsf2
                0x08003a58                __aeabi_d2f
 .text          0x08003af8      0x21c c:/program files (x86)/gnu tools arm embedded/5.2 2015q4/bin/../lib/gcc/arm-none-eabi/5.2.1/armv7-m\libgcc.a(_arm_addsubsf3.o)
                0x08003af8                __aeabi_frsub
                0x08003b00                __subsf3
                0x08003b00                __aeabi_fsub
                0x08003b04                __aeabi_fadd
                0x08003b04                __addsf3
                0x08003c64                __aeabi_ui2f
                0x08003c64                __floatunsisf
                0x08003c6c                __aeabi_i2f
                0x08003c6c                __floatsisf
                0x08003c88                __aeabi_ul2f
                0x08003c88                __floatundisf
                0x08003c98                __aeabi_l2f
                0x08003c98                __floatdisf
 .text          0x08003d14      0x2a0 c:/program files (x86)/gnu tools arm embedded/5.2 2015q4/bin/../lib/gcc/arm-none-eabi/5.2.1/armv7-m\libgcc.a(_arm_muldivsf3.o)
                0x08003d14                __mulsf3
                0x08003d14                __aeabi_fmul
                0x08003e7c                __aeabi_fdiv
                0x08003e7c                __divsf3
 .text          0x08003fb4       0xec c:/program files (x86)/gnu tools arm embedded/5.2 2015q4/bin/../lib/gcc/arm-none-eabi/5.2.1/armv7-m\libgcc.a(_arm_cmpsf2.o)
                0x08003fb4                __gesf2
                0x08003fb4                __gtsf2
                0x08003fbc                __lesf2
                0x08003fbc                __ltsf2
                0x08003fc4                __nesf2
                0x08003fc4                __eqsf2
                0x08003fc4                __cmpsf2
                0x08004024                __aeabi_cfrcmple
                0x0800402c                __aeabi_cfcmpeq
                0x0800402c                __aeabi_cfcmple
                0x0800403c                __aeabi_fcmpeq
                0x08004050                __aeabi_fcmplt
                0x08004064                __aeabi_fcmple
                0x08004078                __aeabi_fcmpge
                0x0800408c                __aeabi_fcmpgt
 .text          0x080040a0       0x4c c:/program files (x86)/gnu tools arm embedded/5.2 2015q4/bin/../lib/gcc/arm-none-eabi/5.2.1/armv7-m\libgcc.a(_arm_fixsfsi.o)
                0x080040a0                __aeabi_f2iz
                0x080040a0                __fixsfsi
 .text          0x080040ec       0x40 c:/program files (x86)/gnu tools arm embedded/5.2 2015q4/bin/../lib/gcc/arm-none-eabi/5.2.1/armv7-m\libgcc.a(_arm_fixunssfsi.o)
                0x080040ec                __fixunssfsi
                0x080040ec                __aeabi_f2uiz
 .text          0x0800412c       0xec c:/program files (x86)/gnu tools arm embedded/5.2 2015q4/bin/../lib/gcc/arm-none-eabi/5.2.1/../../../../arm-none-eabi/lib/armv7-m\libc.a(lib_a-memcpy.o)
                0x0800412c                memcpy
 *(.text*)
 .text.adcInit  0x08004218       0xf0 obj/CUPDRONE/drv_adc.o
                0x08004218                adcInit
 .text.adcGetChannel
                0x08004308       0x10 obj/CUPDRONE/drv_adc.o
                0x08004308                adcGetChannel
 .text.adxl345Read
                0x08004318       0xe0 obj/CUPDRONE/drv_adxl345.o
 .text.adxl345Init
                0x080043f8       0x64 obj/CUPDRONE/drv_adxl345.o
 .text.adxl345Detect
                0x0800445c       0x5c obj/CUPDRONE/drv_adxl345.o
                0x0800445c                adxl345Detect
 .text.bma280Read
                0x080044b8       0x5c obj/CUPDRONE/drv_bma280.o
 .text.bma280Init
                0x08004514       0x30 obj/CUPDRONE/drv_bma280.o
 .text.bma280Detect
                0x08004544       0x3c obj/CUPDRONE/drv_bma280.o
                0x08004544                bma280Detect
 .text.bmp085_calculate
                0x08004580       0xe4 obj/CUPDRONE/drv_bmp085.o
 .text.bmp085_get_up
                0x08004664       0x58 obj/CUPDRONE/drv_bmp085.o
 .text.bmp085_get_ut
                0x080046bc       0x40 obj/CUPDRONE/drv_bmp085.o
 .text.bmp085_start_up
                0x080046fc       0x24 obj/CUPDRONE/drv_bmp085.o
 .text.bmp085_start_ut
                0x08004720       0x14 obj/CUPDRONE/drv_bmp085.o
 .text.EXTI15_10_IRQHandler
                0x08004734       0x24 obj/CUPDRONE/drv_bmp085.o
                0x08004734                EXTI15_10_IRQHandler
 .text.bmp085Detect
                0x08004758      0x1dc obj/CUPDRONE/drv_bmp085.o
                0x08004758                bmp085Detect
 .text.ms5611_calculate
                0x08004934      0x154 obj/CUPDRONE/drv_ms5611.o
 .text.ms5611_read_adc
                0x08004a88       0x28 obj/CUPDRONE/drv_ms5611.o
 .text.ms5611_get_up
                0x08004ab0       0x10 obj/CUPDRONE/drv_ms5611.o
 .text.ms5611_get_ut
                0x08004ac0       0x10 obj/CUPDRONE/drv_ms5611.o
 .text.ms5611_start_up
                0x08004ad0        0xa obj/CUPDRONE/drv_ms5611.o
 .text.ms5611_start_ut
                0x08004ada        0xa obj/CUPDRONE/drv_ms5611.o
 .text.ms5611Detect
                0x08004ae4      0x13c obj/CUPDRONE/drv_ms5611.o
                0x08004ae4                ms5611Detect
 .text.ECHO_EXTI_IRQHandler
                0x08004c20       0x50 obj/CUPDRONE/drv_hcsr04.o
                0x08004c20                ECHO_EXTI_IRQHandler
 .text.EXTI1_IRQHandler
                0x08004c70        0x4 obj/CUPDRONE/drv_hcsr04.o
                0x08004c70                EXTI1_IRQHandler
 .text.EXTI9_5_IRQHandler
                0x08004c74        0x4 obj/CUPDRONE/drv_hcsr04.o
                0x08004c74                EXTI9_5_IRQHandler
 .text.hcsr04_init
                0x08004c78       0xd4 obj/CUPDRONE/drv_hcsr04.o
                0x08004c78                hcsr04_init
 .text.hcsr04_get_distance
                0x08004d4c       0x3c obj/CUPDRONE/drv_hcsr04.o
                0x08004d4c                hcsr04_get_distance
 .text.hmc5883lDetect
                0x08004d88       0x38 obj/CUPDRONE/drv_hmc5883l.o
                0x08004d88                hmc5883lDetect
 .text.hmc5883lRead
                0x08004dc0       0x8c obj/CUPDRONE/drv_hmc5883l.o
                0x08004dc0                hmc5883lRead
 .text.hmc5883lInit
                0x08004e4c      0x1c8 obj/CUPDRONE/drv_hmc5883l.o
                0x08004e4c                hmc5883lInit
 .text.mma8452Read
                0x08005014       0x70 obj/CUPDRONE/drv_mma845x.o
 .text.mma8452Init
                0x08005084       0x90 obj/CUPDRONE/drv_mma845x.o
 .text.mma8452Detect
                0x08005114       0x54 obj/CUPDRONE/drv_mma845x.o
                0x08005114                mma8452Detect
 .text.mpu3050ReadTemp
                0x08005168       0x2e obj/CUPDRONE/drv_mpu3050.o
 *fill*         0x08005196        0x2 
 .text.mpu3050Read
                0x08005198       0x68 obj/CUPDRONE/drv_mpu3050.o
 .text.mpu3050Init
                0x08005200       0x5c obj/CUPDRONE/drv_mpu3050.o
 .text.mpu3050Detect
                0x0800525c       0x78 obj/CUPDRONE/drv_mpu3050.o
                0x0800525c                mpu3050Detect
 .text.mpu6050AccInit
                0x080052d4       0x28 obj/CUPDRONE/drv_mpu6050.o
 .text.mpu6050GyroRead
                0x080052fc       0x68 obj/CUPDRONE/drv_mpu6050.o
 .text.mpu6050AccRead
                0x08005364       0x54 obj/CUPDRONE/drv_mpu6050.o
 .text.mpu6050GyroInit
                0x080053b8       0xac obj/CUPDRONE/drv_mpu6050.o
 .text.mpu6050Detect
                0x08005464      0x11c obj/CUPDRONE/drv_mpu6050.o
                0x08005464                mpu6050Detect
 .text.l3g4200dRead
                0x08005580       0x68 obj/CUPDRONE/drv_l3g4200d.o
 .text.l3g4200dInit
                0x080055e8       0x44 obj/CUPDRONE/drv_l3g4200d.o
 .text.l3g4200dDetect
                0x0800562c       0x64 obj/CUPDRONE/drv_l3g4200d.o
                0x0800562c                l3g4200dDetect
 .text.pwmWriteBrushed
                0x08005690       0x24 obj/CUPDRONE/drv_pwm.o
 .text.pwmWriteStandard
                0x080056b4       0x10 obj/CUPDRONE/drv_pwm.o
 .text.pwmOutConfig
                0x080056c4      0x124 obj/CUPDRONE/drv_pwm.o
 .text.ppmCallback
                0x080057e8       0x84 obj/CUPDRONE/drv_pwm.o
 .text.pwmICConfig
                0x0800586c       0x32 obj/CUPDRONE/drv_pwm.o
                0x0800586c                pwmICConfig
 *fill*         0x0800589e        0x2 
 .text.pwmCallback
                0x080058a0       0x5c obj/CUPDRONE/drv_pwm.o
 .text.pwmInConfig
                0x080058fc       0x64 obj/CUPDRONE/drv_pwm.o
 .text.pwmInit  0x08005960      0x16c obj/CUPDRONE/drv_pwm.o
                0x08005960                pwmInit
 .text.pwmWriteMotor
                0x08005acc       0x18 obj/CUPDRONE/drv_pwm.o
                0x08005acc                pwmWriteMotor
 .text.pwmWriteServo
                0x08005ae4       0x1c obj/CUPDRONE/drv_pwm.o
                0x08005ae4                pwmWriteServo
 .text.pwmRead  0x08005b00        0xc obj/CUPDRONE/drv_pwm.o
                0x08005b00                pwmRead
 .text.spiTransfer
                0x08005b0c       0x54 obj/CUPDRONE/drv_spi.o
                0x08005b0c                spiTransfer
 .text.spiInit  0x08005b60       0xf4 obj/CUPDRONE/drv_spi.o
                0x08005b60                spiInit
 .text.configureTimerChannelCallback
                0x08005c54       0x48 obj/CUPDRONE/drv_timer.o
                0x08005c54                configureTimerChannelCallback
 .text.configureTimerInputCaptureCompareChannel
                0x08005c9c       0x32 obj/CUPDRONE/drv_timer.o
                0x08005c9c                configureTimerInputCaptureCompareChannel
 .text.configureTimerCaptureCompareInterrupt
                0x08005cce       0x1c obj/CUPDRONE/drv_timer.o
                0x08005cce                configureTimerCaptureCompareInterrupt
 .text.timerNVICConfig
                0x08005cea       0x22 obj/CUPDRONE/drv_timer.o
                0x08005cea                timerNVICConfig
 .text.configTimeBase
                0x08005d0c       0x48 obj/CUPDRONE/drv_timer.o
                0x08005d0c                configTimeBase
 .text.timerInConfig
                0x08005d54       0x1c obj/CUPDRONE/drv_timer.o
                0x08005d54                timerInConfig
 .text.findTimerConfig
                0x08005d70       0x3c obj/CUPDRONE/drv_timer.o
                0x08005d70                findTimerConfig
 .text.timCCxHandler
                0x08005dac       0xa8 obj/CUPDRONE/drv_timer.o
 .text.TIM1_CC_IRQHandler
                0x08005e54        0xc obj/CUPDRONE/drv_timer.o
                0x08005e54                TIM1_CC_IRQHandler
 .text.TIM2_IRQHandler
                0x08005e60        0x8 obj/CUPDRONE/drv_timer.o
                0x08005e60                TIM2_IRQHandler
 .text.TIM3_IRQHandler
                0x08005e68        0xc obj/CUPDRONE/drv_timer.o
                0x08005e68                TIM3_IRQHandler
 .text.TIM4_IRQHandler
                0x08005e74        0xc obj/CUPDRONE/drv_timer.o
                0x08005e74                TIM4_IRQHandler
 .text.hexairbotReadRawRC
                0x08005e80        0xc obj/CUPDRONE/hexairbot.o
 .text.hexairbotInit
                0x08005e8c       0x18 obj/CUPDRONE/hexairbot.o
                0x08005e8c                hexairbotInit
 .text.hexairbotSetData
                0x08005ea4       0x1c obj/CUPDRONE/hexairbot.o
                0x08005ea4                hexairbotSetData
 .text.hexairbotFrameComplete
                0x08005ec0       0x18 obj/CUPDRONE/hexairbot.o
                0x08005ec0                hexairbotFrameComplete
 .text.Reset_Handler
                0x08005ed8       0xa0 obj/CUPDRONE/startup_stm32f10x_md_gcc.o
                0x08005ed8                Reset_Handler
 .text.Default_Handler
                0x08005f78        0x2 obj/CUPDRONE/startup_stm32f10x_md_gcc.o
                0x08005f78                EXTI2_IRQHandler
                0x08005f78                DebugMon_Handler
                0x08005f78                PVD_IRQHandler
                0x08005f78                NMI_Handler
                0x08005f78                EXTI3_IRQHandler
                0x08005f78                EXTI0_IRQHandler
                0x08005f78                UsageFault_Handler
                0x08005f78                ADC1_2_IRQHandler
                0x08005f78                SPI1_IRQHandler
                0x08005f78                TAMPER_IRQHandler
                0x08005f78                USART3_IRQHandler
                0x08005f78                RTC_IRQHandler
                0x08005f78                DMA1_Channel7_IRQHandler
                0x08005f78                CAN1_RX1_IRQHandler
                0x08005f78                DMA1_Channel6_IRQHandler
                0x08005f78                RCC_IRQHandler
                0x08005f78                TIM1_TRG_COM_IRQHandler
                0x08005f78                DMA1_Channel1_IRQHandler
                0x08005f78                Default_Handler
                0x08005f78                SPI2_IRQHandler
                0x08005f78                MemManage_Handler
                0x08005f78                DMA1_Channel5_IRQHandler
                0x08005f78                EXTI4_IRQHandler
                0x08005f78                USB_HP_CAN1_TX_IRQHandler
                0x08005f78                DMA1_Channel3_IRQHandler
                0x08005f78                TIM1_UP_IRQHandler
                0x08005f78                WWDG_IRQHandler
                0x08005f78                TIM1_BRK_IRQHandler
                0x08005f78                RTCAlarm_IRQHandler
                0x08005f78                DMA1_Channel2_IRQHandler
                0x08005f78                CAN1_SCE_IRQHandler
                0x08005f78                FLASH_IRQHandler
                0x08005f78                BusFault_Handler
 *fill*         0x08005f7a        0x2 
 .text.beep     0x08005f7c       0x70 obj/CUPDRONE/buzzer.o
 .text.beep_code
                0x08005fec       0xa8 obj/CUPDRONE/buzzer.o
 .text.buzzer   0x08006094      0x128 obj/CUPDRONE/buzzer.o
                0x08006094                buzzer
 .text.i2a      0x080061bc       0x28 obj/CUPDRONE/cli.o
 .text._atof    0x080061e4      0x124 obj/CUPDRONE/cli.o
 .text.cliPrint
                0x08006308       0x1c obj/CUPDRONE/cli.o
 .text.cliVersion
                0x08006324        0xc obj/CUPDRONE/cli.o
 .text.cliHelp  0x08006330       0x2c obj/CUPDRONE/cli.o
 .text.cliStatus
                0x0800635c       0xe4 obj/CUPDRONE/cli.o
 .text.cliCompare
                0x08006440       0x1a obj/CUPDRONE/cli.o
 *fill*         0x0800645a        0x2 
 .text.cliSave  0x0800645c       0x30 obj/CUPDRONE/cli.o
 .text.cliMap   0x0800648c       0xac obj/CUPDRONE/cli.o
 .text.cliGpsPassthrough
                0x08006538       0x20 obj/CUPDRONE/cli.o
 .text.cliFeature
                0x08006558       0xec obj/CUPDRONE/cli.o
 .text.cliExit  0x08006644       0x38 obj/CUPDRONE/cli.o
 .text.cliDefaults
                0x0800667c       0x2c obj/CUPDRONE/cli.o
 .text.cliMixer
                0x080066a8       0xa4 obj/CUPDRONE/cli.o
 .text.cliProfile
                0x0800674c       0x4c obj/CUPDRONE/cli.o
 .text.cliMotor
                0x08006798       0xa8 obj/CUPDRONE/cli.o
 .text.cliAux   0x08006840       0x64 obj/CUPDRONE/cli.o
 .text.itoa     0x080068a4       0x26 obj/CUPDRONE/cli.o
                0x080068a4                itoa
 *fill*         0x080068ca        0x2 
 .text.ftoa     0x080068cc       0xc8 obj/CUPDRONE/cli.o
 .text.cliPrintVar
                0x08006994       0xa0 obj/CUPDRONE/cli.o
 .text.cliSet   0x08006a34      0x16c obj/CUPDRONE/cli.o
 .text.cliDump  0x08006ba0      0x1b8 obj/CUPDRONE/cli.o
 .text.cliCMix  0x08006d58      0x258 obj/CUPDRONE/cli.o
 .text.cliProcess
                0x08006fb0      0x204 obj/CUPDRONE/cli.o
                0x08006fb0                cliProcess
 .text.validEEPROM
                0x080071b4       0x44 obj/CUPDRONE/config.o
 .text.parseRcChannels
                0x080071f8       0x30 obj/CUPDRONE/config.o
                0x080071f8                parseRcChannels
 .text.readEEPROM
                0x08007228      0x114 obj/CUPDRONE/config.o
                0x08007228                readEEPROM
 .text.writeEEPROM
                0x0800733c       0xd0 obj/CUPDRONE/config.o
                0x0800733c                writeEEPROM
 .text.sensors  0x0800740c       0x14 obj/CUPDRONE/config.o
                0x0800740c                sensors
 .text.sensorsSet
                0x08007420       0x10 obj/CUPDRONE/config.o
                0x08007420                sensorsSet
 .text.sensorsClear
                0x08007430       0x10 obj/CUPDRONE/config.o
                0x08007430                sensorsClear
 .text.sensorsMask
                0x08007440        0xc obj/CUPDRONE/config.o
                0x08007440                sensorsMask
 .text.feature  0x0800744c       0x14 obj/CUPDRONE/config.o
                0x0800744c                feature
 .text.featureSet
                0x08007460       0x10 obj/CUPDRONE/config.o
                0x08007460                featureSet
 .text.checkFirstTime
                0x08007470      0x314 obj/CUPDRONE/config.o
                0x08007470                checkFirstTime
 .text.featureClear
                0x08007784       0x10 obj/CUPDRONE/config.o
                0x08007784                featureClear
 .text.featureMask
                0x08007794        0xc obj/CUPDRONE/config.o
                0x08007794                featureMask
 .text.gpsSetState
                0x080077a0       0x18 obj/CUPDRONE/gps.o
 .text.GPS_calc_longitude_scaling
                0x080077b8       0x3c obj/CUPDRONE/gps.o
 .text.GPS_distance_cm_bearing.isra.3
                0x080077f4       0x84 obj/CUPDRONE/gps.o
 .text.get_I.isra.4
                0x08007878       0x50 obj/CUPDRONE/gps.o
 .text.grab_fields.constprop.7
                0x080078c8       0x40 obj/CUPDRONE/gps.o
 .text.gpsInitHardware
                0x08007908       0xd0 obj/CUPDRONE/gps.o
                0x08007908                gpsInitHardware
 .text.gpsThread
                0x080079d8       0x78 obj/CUPDRONE/gps.o
                0x080079d8                gpsThread
 .text.GPS_reset_home_position
                0x08007a50       0x48 obj/CUPDRONE/gps.o
                0x08007a50                GPS_reset_home_position
 .text.GPS_reset_nav
                0x08007a98       0x4c obj/CUPDRONE/gps.o
                0x08007a98                GPS_reset_nav
 .text.gpsSetPIDs
                0x08007ae4       0xa4 obj/CUPDRONE/gps.o
                0x08007ae4                gpsSetPIDs
 .text.gpsInit  0x08007b88       0x70 obj/CUPDRONE/gps.o
                0x08007b88                gpsInit
 .text.gpsSetPassthrough
                0x08007bf8       0x7c obj/CUPDRONE/gps.o
                0x08007bf8                gpsSetPassthrough
 .text.GPS_set_next_wp
                0x08007c74       0x8c obj/CUPDRONE/gps.o
                0x08007c74                GPS_set_next_wp
 .text.wrap_18000
                0x08007d00       0x24 obj/CUPDRONE/gps.o
                0x08007d00                wrap_18000
 .text.GPS_coord_to_degrees
                0x08007d24       0xa4 obj/CUPDRONE/gps.o
                0x08007d24                GPS_coord_to_degrees
 .text.gpsNewData
                0x08007dc8      0xba0 obj/CUPDRONE/gps.o
 .text.calculateHeading
                0x08008968       0xf8 obj/CUPDRONE/imu.o
 .text.imuInit  0x08008a60       0x58 obj/CUPDRONE/imu.o
                0x08008a60                imuInit
 .text.rotateV  0x08008ab8      0x15a obj/CUPDRONE/imu.o
                0x08008ab8                rotateV
 .text.applyDeadband
                0x08008c12       0x1e obj/CUPDRONE/imu.o
                0x08008c12                applyDeadband
 .text.acc_calc
                0x08008c30      0x190 obj/CUPDRONE/imu.o
                0x08008c30                acc_calc
 .text.computeIMU
                0x08008dc0      0x35c obj/CUPDRONE/imu.o
                0x08008dc0                computeIMU
 .text.accSum_reset
                0x0800911c       0x20 obj/CUPDRONE/imu.o
                0x0800911c                accSum_reset
 .text.getEstimatedAltitude
                0x0800913c      0x354 obj/CUPDRONE/imu.o
                0x0800913c                getEstimatedAltitude
 .text._putc    0x08009490        0xc obj/CUPDRONE/main.o
 .text.startup.main
                0x0800949c      0x2e8 obj/CUPDRONE/main.o
                0x0800949c                main
 .text.HardFault_Handler
                0x08009784       0x14 obj/CUPDRONE/main.o
                0x08009784                HardFault_Handler
 .text.servoMiddle
                0x08009798       0x28 obj/CUPDRONE/mixer.o
                0x08009798                servoMiddle
 .text.mixerResetMotors
                0x080097c0       0x30 obj/CUPDRONE/mixer.o
                0x080097c0                mixerResetMotors
 .text.mixerInit
                0x080097f0      0x124 obj/CUPDRONE/mixer.o
                0x080097f0                mixerInit
 .text.mixerLoadMix
                0x08009914       0x48 obj/CUPDRONE/mixer.o
                0x08009914                mixerLoadMix
 .text.writeServos
                0x0800995c       0xbc obj/CUPDRONE/mixer.o
                0x0800995c                writeServos
 .text.writeMotors
                0x08009a18       0x28 obj/CUPDRONE/mixer.o
                0x08009a18                writeMotors
 .text.writeAllMotors
                0x08009a40       0x28 obj/CUPDRONE/mixer.o
                0x08009a40                writeAllMotors
 .text.mixTable
                0x08009a68      0x620 obj/CUPDRONE/mixer.o
                0x08009a68                mixTable
 .text.pidMultiWii
                0x0800a088      0x21c obj/CUPDRONE/mw.o
 .text.pidRewrite
                0x0800a2a4      0x160 obj/CUPDRONE/mw.o
 .text.blinkLED
                0x0800a404       0x48 obj/CUPDRONE/mw.o
                0x0800a404                blinkLED
 *fill*         0x0800a44c        0x4 
 .text.annexCode
                0x0800a450      0x404 obj/CUPDRONE/mw.o
                0x0800a450                annexCode
 .text.pwmReadRawRC
                0x0800a854       0x28 obj/CUPDRONE/mw.o
                0x0800a854                pwmReadRawRC
 .text.computeRC
                0x0800a87c       0xbc obj/CUPDRONE/mw.o
                0x0800a87c                computeRC
 .text.mwArm    0x0800a938       0x40 obj/CUPDRONE/mw.o
                0x0800a938                mwArm
 .text.mwDisarm
                0x0800a978       0x10 obj/CUPDRONE/mw.o
                0x0800a978                mwDisarm
 .text.setPIDController
                0x0800a988       0x1c obj/CUPDRONE/mw.o
                0x0800a988                setPIDController
 .text.loop     0x0800a9a4      0xad8 obj/CUPDRONE/mw.o
                0x0800a9a4                loop
 .text.sensorsAutodetect
                0x0800b47c      0x1c0 obj/CUPDRONE/sensors.o
                0x0800b47c                sensorsAutodetect
 .text.batteryAdcToVoltage
                0x0800b63c       0x3c obj/CUPDRONE/sensors.o
                0x0800b63c                batteryAdcToVoltage
 .text.batteryInit
                0x0800b678       0x54 obj/CUPDRONE/sensors.o
                0x0800b678                batteryInit
 .text.ACC_getADC
                0x0800b6cc      0x1f0 obj/CUPDRONE/sensors.o
                0x0800b6cc                ACC_getADC
 .text.Baro_Common
                0x0800b8bc       0x44 obj/CUPDRONE/sensors.o
                0x0800b8bc                Baro_Common
 .text.Baro_update
                0x0800b900       0x70 obj/CUPDRONE/sensors.o
                0x0800b900                Baro_update
 .text.Gyro_getADC
                0x0800b970      0x180 obj/CUPDRONE/sensors.o
                0x0800b970                Gyro_getADC
 .text.Mag_init
                0x0800baf0       0x20 obj/CUPDRONE/sensors.o
                0x0800baf0                Mag_init
 .text.Mag_getADC
                0x0800bb10      0x130 obj/CUPDRONE/sensors.o
                0x0800bb10                Mag_getADC
 .text.Sonar_init
                0x0800bc40       0x1c obj/CUPDRONE/sensors.o
                0x0800bc40                Sonar_init
 .text.Sonar_update
                0x0800bc5c        0xc obj/CUPDRONE/sensors.o
                0x0800bc5c                Sonar_update
 .text.serialize32
                0x0800bc68       0x64 obj/CUPDRONE/serial.o
                0x0800bc68                serialize32
 .text.serialize16
                0x0800bccc       0x40 obj/CUPDRONE/serial.o
                0x0800bccc                serialize16
 .text.serialize8
                0x0800bd0c       0x20 obj/CUPDRONE/serial.o
                0x0800bd0c                serialize8
 .text.read8    0x0800bd2c       0x18 obj/CUPDRONE/serial.o
                0x0800bd2c                read8
 .text.read16   0x0800bd44       0x14 obj/CUPDRONE/serial.o
                0x0800bd44                read16
 .text.read32   0x0800bd58       0x12 obj/CUPDRONE/serial.o
                0x0800bd58                read32
 *fill*         0x0800bd6a        0x2 
 .text.headSerialResponse
                0x0800bd6c       0x40 obj/CUPDRONE/serial.o
                0x0800bd6c                headSerialResponse
 .text.headSerialReply
                0x0800bdac        0x8 obj/CUPDRONE/serial.o
                0x0800bdac                headSerialReply
 .text.headSerialError
                0x0800bdb4        0x8 obj/CUPDRONE/serial.o
                0x0800bdb4                headSerialError
 .text.tailSerialReply
                0x0800bdbc        0xc obj/CUPDRONE/serial.o
                0x0800bdbc                tailSerialReply
 .text.s_struct
                0x0800bdc8       0x1e obj/CUPDRONE/serial.o
                0x0800bdc8                s_struct
 .text.serializeNames
                0x0800bde6       0x12 obj/CUPDRONE/serial.o
                0x0800bde6                serializeNames
 .text.serializeBoxNamesReply
                0x0800bdf8       0x6c obj/CUPDRONE/serial.o
                0x0800bdf8                serializeBoxNamesReply
 .text.serialInit
                0x0800be64      0x118 obj/CUPDRONE/serial.o
                0x0800be64                serialInit
 .text.serialCom
                0x0800bf7c      0xd2c obj/CUPDRONE/serial.o
                0x0800bf7c                serialCom
 .text.sbusReadRawRC
                0x0800cca8       0x20 obj/CUPDRONE/sbus.o
 .text.sbusDataReceive
                0x0800ccc8       0x58 obj/CUPDRONE/sbus.o
 .text.sbusInit
                0x0800cd20       0x58 obj/CUPDRONE/sbus.o
                0x0800cd20                sbusInit
 .text.sbusFrameComplete
                0x0800cd78       0xb4 obj/CUPDRONE/sbus.o
                0x0800cd78                sbusFrameComplete
 .text.sumdReadRawRC
                0x0800ce2c       0x1c obj/CUPDRONE/sumd.o
 .text.sumdDataReceive
                0x0800ce48       0x70 obj/CUPDRONE/sumd.o
 .text.sumdInit
                0x0800ceb8       0x30 obj/CUPDRONE/sumd.o
                0x0800ceb8                sumdInit
 .text.sumdFrameComplete
                0x0800cee8       0x68 obj/CUPDRONE/sumd.o
                0x0800cee8                sumdFrameComplete
 .text.spektrumDataReceive
                0x0800cf50       0x60 obj/CUPDRONE/spektrum.o
 .text.spektrumReadRawRC
                0x0800cfb0       0x94 obj/CUPDRONE/spektrum.o
 .text.spektrumInit
                0x0800d044       0x68 obj/CUPDRONE/spektrum.o
                0x0800d044                spektrumInit
 .text.spektrumFrameComplete
                0x0800d0ac        0xc obj/CUPDRONE/spektrum.o
                0x0800d0ac                spektrumFrameComplete
 .text.sendDataHead
                0x0800d0b8       0x20 obj/CUPDRONE/telemetry.o
 .text.sendTelemetryTail
                0x0800d0d8       0x10 obj/CUPDRONE/telemetry.o
 .text.serializeFrsky
                0x0800d0e8       0x30 obj/CUPDRONE/telemetry.o
 .text.serialize16
                0x0800d118       0x16 obj/CUPDRONE/telemetry.o
 *fill*         0x0800d12e        0x2 
 .text.initTelemetry
                0x0800d130       0x30 obj/CUPDRONE/telemetry.o
                0x0800d130                initTelemetry
 .text.updateTelemetryState
                0x0800d160       0x5c obj/CUPDRONE/telemetry.o
                0x0800d160                updateTelemetryState
 .text.sendTelemetry
                0x0800d1bc      0x318 obj/CUPDRONE/telemetry.o
                0x0800d1bc                sendTelemetry
 .text.gpioInit
                0x0800d4d4       0x76 obj/CUPDRONE/drv_gpio.o
                0x0800d4d4                gpioInit
 .text.gpioExtiLineConfig
                0x0800d54a       0x2a obj/CUPDRONE/drv_gpio.o
                0x0800d54a                gpioExtiLineConfig
 .text.i2c_ev_handler
                0x0800d574      0x2f4 obj/CUPDRONE/drv_i2c.o
 .text.I2C1_EV_IRQHandler
                0x0800d868        0x4 obj/CUPDRONE/drv_i2c.o
                0x0800d868                I2C1_EV_IRQHandler
 .text.I2C2_EV_IRQHandler
                0x0800d86c        0x4 obj/CUPDRONE/drv_i2c.o
                0x0800d86c                I2C2_EV_IRQHandler
 .text.i2cInit  0x0800d870      0x140 obj/CUPDRONE/drv_i2c.o
                0x0800d870                i2cInit
 .text.i2c_er_handler
                0x0800d9b0       0x98 obj/CUPDRONE/drv_i2c.o
 .text.I2C2_ER_IRQHandler
                0x0800da48        0x4 obj/CUPDRONE/drv_i2c.o
                0x0800da48                I2C2_ER_IRQHandler
 .text.I2C1_ER_IRQHandler
                0x0800da4c        0x4 obj/CUPDRONE/drv_i2c.o
                0x0800da4c                I2C1_ER_IRQHandler
 .text.i2cWriteBuffer
                0x0800da50       0xb0 obj/CUPDRONE/drv_i2c.o
                0x0800da50                i2cWriteBuffer
 .text.i2cWrite
                0x0800db00       0x14 obj/CUPDRONE/drv_i2c.o
                0x0800db00                i2cWrite
 .text.i2cRead  0x0800db14       0xb0 obj/CUPDRONE/drv_i2c.o
                0x0800db14                i2cRead
 .text.i2cGetErrorCounter
                0x0800dbc4        0xc obj/CUPDRONE/drv_i2c.o
                0x0800dbc4                i2cGetErrorCounter
 .text.SysTick_Handler
                0x0800dbd0       0x1c obj/CUPDRONE/drv_system.o
                0x0800dbd0                SysTick_Handler
 .text.micros   0x0800dbec       0x34 obj/CUPDRONE/drv_system.o
                0x0800dbec                micros
 .text.millis   0x0800dc20        0xc obj/CUPDRONE/drv_system.o
                0x0800dc20                millis
 .text.delayMicroseconds
                0x0800dc2c       0x16 obj/CUPDRONE/drv_system.o
                0x0800dc2c                delayMicroseconds
 .text.delay    0x0800dc42       0x14 obj/CUPDRONE/drv_system.o
                0x0800dc42                delay
 *fill*         0x0800dc56        0x2 
 .text.systemInit
                0x0800dc58      0x120 obj/CUPDRONE/drv_system.o
                0x0800dc58                systemInit
 .text.failureMode
                0x0800dd78       0x38 obj/CUPDRONE/drv_system.o
                0x0800dd78                failureMode
 .text.systemReset
                0x0800ddb0       0x20 obj/CUPDRONE/drv_system.o
                0x0800ddb0                systemReset
 .text.systemBeep
                0x0800ddd0        0x2 obj/CUPDRONE/drv_system.o
                0x0800ddd0                systemBeep
 *fill*         0x0800ddd2        0x2 
 .text.serialWrite
                0x0800ddd4       0x1c obj/CUPDRONE/drv_serial.o
                0x0800ddd4                serialWrite
 .text.serialPrint
                0x0800ddf0       0x16 obj/CUPDRONE/drv_serial.o
                0x0800ddf0                serialPrint
 *fill*         0x0800de06        0x2 
 .text.serialTotalBytesWaiting
                0x0800de08       0x1c obj/CUPDRONE/drv_serial.o
                0x0800de08                serialTotalBytesWaiting
 .text.serialRead
                0x0800de24       0x1c obj/CUPDRONE/drv_serial.o
                0x0800de24                serialRead
 .text.serialSetBaudRate
                0x0800de40        0x6 obj/CUPDRONE/drv_serial.o
                0x0800de40                serialSetBaudRate
 .text.isSerialTransmitBufferEmpty
                0x0800de46        0x6 obj/CUPDRONE/drv_serial.o
                0x0800de46                isSerialTransmitBufferEmpty
 .text.softSerialTotalBytesWaiting
                0x0800de4c       0x1a obj/CUPDRONE/drv_softserial.o
                0x0800de4c                softSerialTotalBytesWaiting
 .text.softSerialWriteByte
                0x0800de66       0x18 obj/CUPDRONE/drv_softserial.o
                0x0800de66                softSerialWriteByte
 .text.softSerialSetBaudRate
                0x0800de7e        0x2 obj/CUPDRONE/drv_softserial.o
                0x0800de7e                softSerialSetBaudRate
 .text.isSoftSerialTransmitBufferEmpty
                0x0800de80        0xc obj/CUPDRONE/drv_softserial.o
                0x0800de80                isSoftSerialTransmitBufferEmpty
 .text.softSerialReadByte
                0x0800de8c       0x22 obj/CUPDRONE/drv_softserial.o
                0x0800de8c                softSerialReadByte
 .text.readRxSignal
                0x0800deae       0x20 obj/CUPDRONE/drv_softserial.o
                0x0800deae                readRxSignal
 .text.setTxSignal
                0x0800dece       0x2a obj/CUPDRONE/drv_softserial.o
                0x0800dece                setTxSignal
 .text.serialInputPortConfig
                0x0800def8       0x24 obj/CUPDRONE/drv_softserial.o
                0x0800def8                serialInputPortConfig
 .text.serialTimerConfig
                0x0800df1c       0x2c obj/CUPDRONE/drv_softserial.o
                0x0800df1c                serialTimerConfig
 .text.serialOutputPortConfig
                0x0800df48       0x24 obj/CUPDRONE/drv_softserial.o
                0x0800df48                serialOutputPortConfig
 .text.setupSoftSerial1
                0x0800df6c       0x8c obj/CUPDRONE/drv_softserial.o
                0x0800df6c                setupSoftSerial1
 .text.updateBufferIndex
                0x0800dff8       0x12 obj/CUPDRONE/drv_softserial.o
                0x0800dff8                updateBufferIndex
 .text.searchForStartBit
                0x0800e00a       0x30 obj/CUPDRONE/drv_softserial.o
                0x0800e00a                searchForStartBit
 .text.searchForStopBit
                0x0800e03a       0x36 obj/CUPDRONE/drv_softserial.o
                0x0800e03a                searchForStopBit
 .text.readDataBit
                0x0800e070       0x40 obj/CUPDRONE/drv_softserial.o
                0x0800e070                readDataBit
 .text.processRxState
                0x0800e0b0       0x28 obj/CUPDRONE/drv_softserial.o
                0x0800e0b0                processRxState
 .text.processTxState
                0x0800e0d8       0x78 obj/CUPDRONE/drv_softserial.o
                0x0800e0d8                processTxState
 .text.onSerialTimer
                0x0800e150       0x20 obj/CUPDRONE/drv_softserial.o
                0x0800e150                onSerialTimer
 .text.uartTotalBytesWaiting
                0x0800e170       0x18 obj/CUPDRONE/drv_uart.o
                0x0800e170                uartTotalBytesWaiting
 .text.isUartTransmitBufferEmpty
                0x0800e188       0x16 obj/CUPDRONE/drv_uart.o
                0x0800e188                isUartTransmitBufferEmpty
 .text.uartSetBaudRate
                0x0800e19e       0x4e obj/CUPDRONE/drv_uart.o
                0x0800e19e                uartSetBaudRate
 .text.uartStartTxDMA
                0x0800e1ec       0x34 obj/CUPDRONE/drv_uart.o
 .text.uartRead
                0x0800e220       0x32 obj/CUPDRONE/drv_uart.o
                0x0800e220                uartRead
 .text.uartWrite
                0x0800e252       0x3a obj/CUPDRONE/drv_uart.o
                0x0800e252                uartWrite
 .text.serialUSART1
                0x0800e28c       0xa4 obj/CUPDRONE/drv_uart.o
                0x0800e28c                serialUSART1
 .text.serialUSART2
                0x0800e330       0xa4 obj/CUPDRONE/drv_uart.o
                0x0800e330                serialUSART2
 .text.uartOpen
                0x0800e3d4      0x178 obj/CUPDRONE/drv_uart.o
                0x0800e3d4                uartOpen
 .text.DMA1_Channel4_IRQHandler
                0x0800e54c       0x34 obj/CUPDRONE/drv_uart.o
                0x0800e54c                DMA1_Channel4_IRQHandler
 .text.USART1_IRQHandler
                0x0800e580       0x38 obj/CUPDRONE/drv_uart.o
                0x0800e580                USART1_IRQHandler
 .text.USART2_IRQHandler
                0x0800e5b8       0x70 obj/CUPDRONE/drv_uart.o
                0x0800e5b8                USART2_IRQHandler
 .text.Hw_VCom_Init
                0x0800e628       0x24 obj/CUPDRONE/drv_vcom.o
                0x0800e628                Hw_VCom_Init
 .text.Hw_VCom_Getch
                0x0800e64c       0x26 obj/CUPDRONE/drv_vcom.o
                0x0800e64c                Hw_VCom_Getch
 .text.Hw_VCom_IsReceived
                0x0800e672       0x10 obj/CUPDRONE/drv_vcom.o
                0x0800e672                Hw_VCom_IsReceived
 *fill*         0x0800e682        0x2 
 .text.Hw_VCom_Putch
                0x0800e684       0x14 obj/CUPDRONE/drv_vcom.o
                0x0800e684                Hw_VCom_Putch
 .text.usb_putc
                0x0800e698        0x6 obj/CUPDRONE/drv_vcom.o
 *fill*         0x0800e69e        0x2 
 .text.Hw_VCom_Printf
                0x0800e6a0       0x24 obj/CUPDRONE/drv_vcom.o
                0x0800e6a0                Hw_VCom_Printf
 .text.Hw_VCom_Q_Init
                0x0800e6c4       0x14 obj/CUPDRONE/drv_vcom_q.o
                0x0800e6c4                Hw_VCom_Q_Init
 .text.HW_VCOM_Q_SIZE
                0x0800e6d8       0x38 obj/CUPDRONE/drv_vcom_q.o
                0x0800e6d8                HW_VCOM_Q_SIZE
 .text.HW_VCOM_Q_VAILD
                0x0800e710        0x4 obj/CUPDRONE/drv_vcom_q.o
                0x0800e710                HW_VCOM_Q_VAILD
 .text.Hw_VCom_Q_Push
                0x0800e714       0x5c obj/CUPDRONE/drv_vcom_q.o
                0x0800e714                Hw_VCom_Q_Push
 .text.Hw_VCom_Q_Pop
                0x0800e770       0x54 obj/CUPDRONE/drv_vcom_q.o
                0x0800e770                Hw_VCom_Q_Pop
 .text.uli2a    0x0800e7c4       0x4c obj/CUPDRONE/printf.o
 .text.ui2a     0x0800e810       0x4c obj/CUPDRONE/printf.o
 .text.putchw   0x0800e85c       0x48 obj/CUPDRONE/printf.o
 .text.tfp_format
                0x0800e8a4      0x1a6 obj/CUPDRONE/printf.o
                0x0800e8a4                tfp_format
 *fill*         0x0800ea4a        0x2 
 .text.init_printf
                0x0800ea4c       0x14 obj/CUPDRONE/printf.o
                0x0800ea4c                init_printf
 .text.tfp_printf
                0x0800ea60       0x3c obj/CUPDRONE/printf.o
                0x0800ea60                tfp_printf
 .text.constrain
                0x0800ea9c       0x10 obj/CUPDRONE/utils.o
                0x0800ea9c                constrain
 *fill*         0x0800eaac        0x4 
 .text.initBoardAlignment
                0x0800eab0      0x168 obj/CUPDRONE/utils.o
                0x0800eab0                initBoardAlignment
 .text.alignBoard
                0x0800ec18       0xc4 obj/CUPDRONE/utils.o
                0x0800ec18                alignBoard
 .text.alignSensors
                0x0800ecdc       0x7c obj/CUPDRONE/utils.o
                0x0800ecdc                alignSensors
 .text.SystemInit
                0x0800ed58       0x4c obj/CUPDRONE/system_stm32f10x.o
                0x0800ed58                SystemInit
 .text.SetSysClock
                0x0800eda4       0x98 obj/CUPDRONE/system_stm32f10x.o
                0x0800eda4                SetSysClock
 .text.NVIC_PriorityGroupConfig
                0x0800ee3c       0x14 obj/CUPDRONE/misc.o
                0x0800ee3c                NVIC_PriorityGroupConfig
 .text.NVIC_Init
                0x0800ee50       0x6c obj/CUPDRONE/misc.o
                0x0800ee50                NVIC_Init
 .text.ADC_Init
                0x0800eebc       0x48 obj/CUPDRONE/stm32f10x_adc.o
                0x0800eebc                ADC_Init
 .text.ADC_Cmd  0x0800ef04       0x12 obj/CUPDRONE/stm32f10x_adc.o
                0x0800ef04                ADC_Cmd
 .text.ADC_DMACmd
                0x0800ef16       0x12 obj/CUPDRONE/stm32f10x_adc.o
                0x0800ef16                ADC_DMACmd
 .text.ADC_ResetCalibration
                0x0800ef28        0xa obj/CUPDRONE/stm32f10x_adc.o
                0x0800ef28                ADC_ResetCalibration
 .text.ADC_GetResetCalibrationStatus
                0x0800ef32        0x8 obj/CUPDRONE/stm32f10x_adc.o
                0x0800ef32                ADC_GetResetCalibrationStatus
 .text.ADC_StartCalibration
                0x0800ef3a        0xa obj/CUPDRONE/stm32f10x_adc.o
                0x0800ef3a                ADC_StartCalibration
 .text.ADC_GetCalibrationStatus
                0x0800ef44        0x8 obj/CUPDRONE/stm32f10x_adc.o
                0x0800ef44                ADC_GetCalibrationStatus
 .text.ADC_SoftwareStartConvCmd
                0x0800ef4c       0x12 obj/CUPDRONE/stm32f10x_adc.o
                0x0800ef4c                ADC_SoftwareStartConvCmd
 .text.ADC_RegularChannelConfig
                0x0800ef5e       0x8e obj/CUPDRONE/stm32f10x_adc.o
                0x0800ef5e                ADC_RegularChannelConfig
 .text.DMA_DeInit
                0x0800efec       0xf0 obj/CUPDRONE/stm32f10x_dma.o
                0x0800efec                DMA_DeInit
 .text.DMA_Init
                0x0800f0dc       0x3c obj/CUPDRONE/stm32f10x_dma.o
                0x0800f0dc                DMA_Init
 .text.DMA_StructInit
                0x0800f118       0x1a obj/CUPDRONE/stm32f10x_dma.o
                0x0800f118                DMA_StructInit
 .text.DMA_Cmd  0x0800f132       0x16 obj/CUPDRONE/stm32f10x_dma.o
                0x0800f132                DMA_Cmd
 .text.DMA_ITConfig
                0x0800f148       0x10 obj/CUPDRONE/stm32f10x_dma.o
                0x0800f148                DMA_ITConfig
 .text.DMA_SetCurrDataCounter
                0x0800f158        0x4 obj/CUPDRONE/stm32f10x_dma.o
                0x0800f158                DMA_SetCurrDataCounter
 .text.DMA_GetCurrDataCounter
                0x0800f15c        0x6 obj/CUPDRONE/stm32f10x_dma.o
                0x0800f15c                DMA_GetCurrDataCounter
 *fill*         0x0800f162        0x2 
 .text.DMA_ClearITPendingBit
                0x0800f164       0x14 obj/CUPDRONE/stm32f10x_dma.o
                0x0800f164                DMA_ClearITPendingBit
 .text.EXTI_Init
                0x0800f178       0x74 obj/CUPDRONE/stm32f10x_exti.o
                0x0800f178                EXTI_Init
 .text.EXTI_GetITStatus
                0x0800f1ec       0x1c obj/CUPDRONE/stm32f10x_exti.o
                0x0800f1ec                EXTI_GetITStatus
 .text.EXTI_ClearITPendingBit
                0x0800f208        0xc obj/CUPDRONE/stm32f10x_exti.o
                0x0800f208                EXTI_ClearITPendingBit
 .text.FLASH_SetLatency
                0x0800f214       0x14 obj/CUPDRONE/stm32f10x_flash.o
                0x0800f214                FLASH_SetLatency
 .text.FLASH_PrefetchBufferCmd
                0x0800f228       0x18 obj/CUPDRONE/stm32f10x_flash.o
                0x0800f228                FLASH_PrefetchBufferCmd
 .text.FLASH_UnlockBank1
                0x0800f240       0x18 obj/CUPDRONE/stm32f10x_flash.o
                0x0800f240                FLASH_UnlockBank1
 .text.FLASH_Unlock
                0x0800f258        0x4 obj/CUPDRONE/stm32f10x_flash.o
                0x0800f258                FLASH_Unlock
 .text.FLASH_LockBank1
                0x0800f25c       0x10 obj/CUPDRONE/stm32f10x_flash.o
                0x0800f25c                FLASH_LockBank1
 .text.FLASH_Lock
                0x0800f26c        0x4 obj/CUPDRONE/stm32f10x_flash.o
                0x0800f26c                FLASH_Lock
 .text.FLASH_ClearFlag
                0x0800f270        0xc obj/CUPDRONE/stm32f10x_flash.o
                0x0800f270                FLASH_ClearFlag
 .text.FLASH_GetBank1Status
                0x0800f27c       0x28 obj/CUPDRONE/stm32f10x_flash.o
                0x0800f27c                FLASH_GetBank1Status
 .text.FLASH_WaitForLastBank1Operation
                0x0800f2a4       0x22 obj/CUPDRONE/stm32f10x_flash.o
                0x0800f2a4                FLASH_WaitForLastBank1Operation
 *fill*         0x0800f2c6        0x2 
 .text.FLASH_ProgramWord
                0x0800f2c8       0x54 obj/CUPDRONE/stm32f10x_flash.o
                0x0800f2c8                FLASH_ProgramWord
 .text.FLASH_ErasePage
                0x0800f31c       0x3c obj/CUPDRONE/stm32f10x_flash.o
                0x0800f31c                FLASH_ErasePage
 .text.GPIO_Init
                0x0800f358       0xa4 obj/CUPDRONE/stm32f10x_gpio.o
                0x0800f358                GPIO_Init
 .text.GPIO_SetBits
                0x0800f3fc        0x4 obj/CUPDRONE/stm32f10x_gpio.o
                0x0800f3fc                GPIO_SetBits
 .text.GPIO_ResetBits
                0x0800f400        0x4 obj/CUPDRONE/stm32f10x_gpio.o
                0x0800f400                GPIO_ResetBits
 .text.I2C_DeInit
                0x0800f404       0x34 obj/CUPDRONE/stm32f10x_i2c.o
                0x0800f404                I2C_DeInit
 .text.I2C_Init
                0x0800f438       0xd4 obj/CUPDRONE/stm32f10x_i2c.o
                0x0800f438                I2C_Init
 .text.I2C_StructInit
                0x0800f50c       0x1c obj/CUPDRONE/stm32f10x_i2c.o
                0x0800f50c                I2C_StructInit
 .text.I2C_Cmd  0x0800f528       0x18 obj/CUPDRONE/stm32f10x_i2c.o
                0x0800f528                I2C_Cmd
 .text.I2C_GenerateSTART
                0x0800f540       0x18 obj/CUPDRONE/stm32f10x_i2c.o
                0x0800f540                I2C_GenerateSTART
 .text.I2C_GenerateSTOP
                0x0800f558       0x18 obj/CUPDRONE/stm32f10x_i2c.o
                0x0800f558                I2C_GenerateSTOP
 .text.I2C_AcknowledgeConfig
                0x0800f570       0x18 obj/CUPDRONE/stm32f10x_i2c.o
                0x0800f570                I2C_AcknowledgeConfig
 .text.I2C_ITConfig
                0x0800f588       0x12 obj/CUPDRONE/stm32f10x_i2c.o
                0x0800f588                I2C_ITConfig
 .text.I2C_SendData
                0x0800f59a        0x4 obj/CUPDRONE/stm32f10x_i2c.o
                0x0800f59a                I2C_SendData
 .text.I2C_ReceiveData
                0x0800f59e        0x6 obj/CUPDRONE/stm32f10x_i2c.o
                0x0800f59e                I2C_ReceiveData
 .text.I2C_Send7bitAddress
                0x0800f5a4       0x12 obj/CUPDRONE/stm32f10x_i2c.o
                0x0800f5a4                I2C_Send7bitAddress
 *fill*         0x0800f5b6        0x2 
 .text.RCC_DeInit
                0x0800f5b8       0x40 obj/CUPDRONE/stm32f10x_rcc.o
                0x0800f5b8                RCC_DeInit
 .text.RCC_HSEConfig
                0x0800f5f8       0x38 obj/CUPDRONE/stm32f10x_rcc.o
                0x0800f5f8                RCC_HSEConfig
 .text.RCC_PLLConfig
                0x0800f630       0x14 obj/CUPDRONE/stm32f10x_rcc.o
                0x0800f630                RCC_PLLConfig
 .text.RCC_PLLCmd
                0x0800f644        0xc obj/CUPDRONE/stm32f10x_rcc.o
                0x0800f644                RCC_PLLCmd
 .text.RCC_SYSCLKConfig
                0x0800f650       0x14 obj/CUPDRONE/stm32f10x_rcc.o
                0x0800f650                RCC_SYSCLKConfig
 .text.RCC_GetSYSCLKSource
                0x0800f664       0x10 obj/CUPDRONE/stm32f10x_rcc.o
                0x0800f664                RCC_GetSYSCLKSource
 .text.RCC_HCLKConfig
                0x0800f674       0x14 obj/CUPDRONE/stm32f10x_rcc.o
                0x0800f674                RCC_HCLKConfig
 .text.RCC_PCLK1Config
                0x0800f688       0x14 obj/CUPDRONE/stm32f10x_rcc.o
                0x0800f688                RCC_PCLK1Config
 .text.RCC_PCLK2Config
                0x0800f69c       0x14 obj/CUPDRONE/stm32f10x_rcc.o
                0x0800f69c                RCC_PCLK2Config
 .text.RCC_USBCLKConfig
                0x0800f6b0        0xc obj/CUPDRONE/stm32f10x_rcc.o
                0x0800f6b0                RCC_USBCLKConfig
 .text.RCC_GetClocksFreq
                0x0800f6bc       0x98 obj/CUPDRONE/stm32f10x_rcc.o
                0x0800f6bc                RCC_GetClocksFreq
 .text.RCC_AHBPeriphClockCmd
                0x0800f754       0x18 obj/CUPDRONE/stm32f10x_rcc.o
                0x0800f754                RCC_AHBPeriphClockCmd
 .text.RCC_APB2PeriphClockCmd
                0x0800f76c       0x18 obj/CUPDRONE/stm32f10x_rcc.o
                0x0800f76c                RCC_APB2PeriphClockCmd
 .text.RCC_APB1PeriphClockCmd
                0x0800f784       0x18 obj/CUPDRONE/stm32f10x_rcc.o
                0x0800f784                RCC_APB1PeriphClockCmd
 .text.RCC_APB2PeriphResetCmd
                0x0800f79c       0x18 obj/CUPDRONE/stm32f10x_rcc.o
                0x0800f79c                RCC_APB2PeriphResetCmd
 .text.RCC_APB1PeriphResetCmd
                0x0800f7b4       0x18 obj/CUPDRONE/stm32f10x_rcc.o
                0x0800f7b4                RCC_APB1PeriphResetCmd
 .text.RCC_GetFlagStatus
                0x0800f7cc       0x28 obj/CUPDRONE/stm32f10x_rcc.o
                0x0800f7cc                RCC_GetFlagStatus
 .text.RCC_WaitForHSEStartUp
                0x0800f7f4       0x30 obj/CUPDRONE/stm32f10x_rcc.o
                0x0800f7f4                RCC_WaitForHSEStartUp
 .text.RCC_ClearFlag
                0x0800f824       0x10 obj/CUPDRONE/stm32f10x_rcc.o
                0x0800f824                RCC_ClearFlag
 .text.SPI_I2S_DeInit
                0x0800f834       0x64 obj/CUPDRONE/stm32f10x_spi.o
                0x0800f834                SPI_I2S_DeInit
 .text.SPI_Init
                0x0800f898       0x3e obj/CUPDRONE/stm32f10x_spi.o
                0x0800f898                SPI_Init
 .text.SPI_Cmd  0x0800f8d6       0x18 obj/CUPDRONE/stm32f10x_spi.o
                0x0800f8d6                SPI_Cmd
 .text.SPI_I2S_SendData
                0x0800f8ee        0x4 obj/CUPDRONE/stm32f10x_spi.o
                0x0800f8ee                SPI_I2S_SendData
 .text.SPI_I2S_ReceiveData
                0x0800f8f2        0x6 obj/CUPDRONE/stm32f10x_spi.o
                0x0800f8f2                SPI_I2S_ReceiveData
 .text.SPI_I2S_GetFlagStatus
                0x0800f8f8        0xc obj/CUPDRONE/stm32f10x_spi.o
                0x0800f8f8                SPI_I2S_GetFlagStatus
 .text.TI1_Config
                0x0800f904       0x68 obj/CUPDRONE/stm32f10x_tim.o
 .text.TI2_Config
                0x0800f96c       0x78 obj/CUPDRONE/stm32f10x_tim.o
 .text.TIM_TimeBaseInit
                0x0800f9e4       0x94 obj/CUPDRONE/stm32f10x_tim.o
                0x0800f9e4                TIM_TimeBaseInit
 .text.TIM_OC1Init
                0x0800fa78       0x88 obj/CUPDRONE/stm32f10x_tim.o
                0x0800fa78                TIM_OC1Init
 .text.TIM_OC2Init
                0x0800fb00       0x88 obj/CUPDRONE/stm32f10x_tim.o
                0x0800fb00                TIM_OC2Init
 .text.TIM_OC3Init
                0x0800fb88       0x84 obj/CUPDRONE/stm32f10x_tim.o
                0x0800fb88                TIM_OC3Init
 .text.TIM_OC4Init
                0x0800fc0c       0x68 obj/CUPDRONE/stm32f10x_tim.o
                0x0800fc0c                TIM_OC4Init
 .text.TIM_TimeBaseStructInit
                0x0800fc74       0x12 obj/CUPDRONE/stm32f10x_tim.o
                0x0800fc74                TIM_TimeBaseStructInit
 .text.TIM_OCStructInit
                0x0800fc86       0x14 obj/CUPDRONE/stm32f10x_tim.o
                0x0800fc86                TIM_OCStructInit
 .text.TIM_ICStructInit
                0x0800fc9a       0x10 obj/CUPDRONE/stm32f10x_tim.o
                0x0800fc9a                TIM_ICStructInit
 .text.TIM_Cmd  0x0800fcaa       0x18 obj/CUPDRONE/stm32f10x_tim.o
                0x0800fcaa                TIM_Cmd
 .text.TIM_CtrlPWMOutputs
                0x0800fcc2       0x1c obj/CUPDRONE/stm32f10x_tim.o
                0x0800fcc2                TIM_CtrlPWMOutputs
 .text.TIM_DMACmd
                0x0800fcde       0x12 obj/CUPDRONE/stm32f10x_tim.o
                0x0800fcde                TIM_DMACmd
 .text.TIM_ITConfig
                0x0800fcf0        0x4 obj/CUPDRONE/stm32f10x_tim.o
                0x0800fcf0                TIM_ITConfig
 .text.TIM_OC1PreloadConfig
                0x0800fcf4       0x10 obj/CUPDRONE/stm32f10x_tim.o
                0x0800fcf4                TIM_OC1PreloadConfig
 .text.TIM_OC2PreloadConfig
                0x0800fd04       0x14 obj/CUPDRONE/stm32f10x_tim.o
                0x0800fd04                TIM_OC2PreloadConfig
 .text.TIM_OC3PreloadConfig
                0x0800fd18       0x10 obj/CUPDRONE/stm32f10x_tim.o
                0x0800fd18                TIM_OC3PreloadConfig
 .text.TIM_OC4PreloadConfig
                0x0800fd28       0x14 obj/CUPDRONE/stm32f10x_tim.o
                0x0800fd28                TIM_OC4PreloadConfig
 .text.TIM_SetIC1Prescaler
                0x0800fd3c       0x16 obj/CUPDRONE/stm32f10x_tim.o
                0x0800fd3c                TIM_SetIC1Prescaler
 .text.TIM_SetIC2Prescaler
                0x0800fd52       0x1a obj/CUPDRONE/stm32f10x_tim.o
                0x0800fd52                TIM_SetIC2Prescaler
 .text.TIM_SetIC3Prescaler
                0x0800fd6c       0x16 obj/CUPDRONE/stm32f10x_tim.o
                0x0800fd6c                TIM_SetIC3Prescaler
 .text.TIM_SetIC4Prescaler
                0x0800fd82       0x1a obj/CUPDRONE/stm32f10x_tim.o
                0x0800fd82                TIM_SetIC4Prescaler
 .text.TIM_ICInit
                0x0800fd9c      0x130 obj/CUPDRONE/stm32f10x_tim.o
                0x0800fd9c                TIM_ICInit
 .text.TIM_GetCapture1
                0x0800fecc        0x6 obj/CUPDRONE/stm32f10x_tim.o
                0x0800fecc                TIM_GetCapture1
 .text.TIM_GetCapture2
                0x0800fed2        0x6 obj/CUPDRONE/stm32f10x_tim.o
                0x0800fed2                TIM_GetCapture2
 .text.TIM_GetCapture3
                0x0800fed8        0x6 obj/CUPDRONE/stm32f10x_tim.o
                0x0800fed8                TIM_GetCapture3
 .text.TIM_GetCapture4
                0x0800fede        0x8 obj/CUPDRONE/stm32f10x_tim.o
                0x0800fede                TIM_GetCapture4
 .text.TIM_GetITStatus
                0x0800fee6       0x16 obj/CUPDRONE/stm32f10x_tim.o
                0x0800fee6                TIM_GetITStatus
 .text.TIM_ClearITPendingBit
                0x0800fefc        0x8 obj/CUPDRONE/stm32f10x_tim.o
                0x0800fefc                TIM_ClearITPendingBit
 .text.USART_Init
                0x0800ff04       0xa8 obj/CUPDRONE/stm32f10x_usart.o
                0x0800ff04                USART_Init
 .text.USART_Cmd
                0x0800ffac       0x18 obj/CUPDRONE/stm32f10x_usart.o
                0x0800ffac                USART_Cmd
 .text.USART_ITConfig
                0x0800ffc4       0x30 obj/CUPDRONE/stm32f10x_usart.o
                0x0800ffc4                USART_ITConfig
 .text.USART_DMACmd
                0x0800fff4       0x12 obj/CUPDRONE/stm32f10x_usart.o
                0x0800fff4                USART_DMACmd
 .text.vListInitialise
                0x08010006       0x16 obj/CUPDRONE/list.o
                0x08010006                vListInitialise
 .text.vListInitialiseItem
                0x0801001c        0x6 obj/CUPDRONE/list.o
                0x0801001c                vListInitialiseItem
 .text.vListInsertEnd
                0x08010022       0x18 obj/CUPDRONE/list.o
                0x08010022                vListInsertEnd
 .text.vListInsert
                0x0801003a       0x30 obj/CUPDRONE/list.o
                0x0801003a                vListInsert
 .text.uxListRemove
                0x0801006a       0x20 obj/CUPDRONE/list.o
                0x0801006a                uxListRemove
 .text.prvCopyDataToQueue
                0x0801008a       0x66 obj/CUPDRONE/queue.o
 .text.prvCopyDataFromQueue
                0x080100f0       0x26 obj/CUPDRONE/queue.o
 .text.prvUnlockQueue
                0x08010116       0x68 obj/CUPDRONE/queue.o
 .text.xQueueGenericReset
                0x0801017e       0x62 obj/CUPDRONE/queue.o
                0x0801017e                xQueueGenericReset
 .text.xQueueGenericCreate
                0x080101e0       0x42 obj/CUPDRONE/queue.o
                0x080101e0                xQueueGenericCreate
 .text.xQueueGenericSend
                0x08010222      0x100 obj/CUPDRONE/queue.o
                0x08010222                xQueueGenericSend
 .text.xQueueCreateMutex
                0x08010322       0x50 obj/CUPDRONE/queue.o
                0x08010322                xQueueCreateMutex
 .text.xQueueGenericSendFromISR
                0x08010372       0x8a obj/CUPDRONE/queue.o
                0x08010372                xQueueGenericSendFromISR
 .text.xQueueGenericReceive
                0x080103fc      0x122 obj/CUPDRONE/queue.o
                0x080103fc                xQueueGenericReceive
 .text.vQueueWaitForMessageRestricted
                0x0801051e       0x3a obj/CUPDRONE/queue.o
                0x0801051e                vQueueWaitForMessageRestricted
 .text.prvAddCurrentTaskToDelayedList
                0x08010558       0x50 obj/CUPDRONE/tasks.o
 .text.xTaskGenericCreate
                0x080105a8      0x1a8 obj/CUPDRONE/tasks.o
                0x080105a8                xTaskGenericCreate
 .text.vTaskStartScheduler
                0x08010750       0x5c obj/CUPDRONE/tasks.o
                0x08010750                vTaskStartScheduler
 .text.vTaskSuspendAll
                0x080107ac       0x10 obj/CUPDRONE/tasks.o
                0x080107ac                vTaskSuspendAll
 .text.xTaskGetTickCount
                0x080107bc       0x18 obj/CUPDRONE/tasks.o
                0x080107bc                xTaskGetTickCount
 .text.xTaskIncrementTick
                0x080107d4      0x130 obj/CUPDRONE/tasks.o
                0x080107d4                xTaskIncrementTick
 .text.xTaskResumeAll
                0x08010904       0xcc obj/CUPDRONE/tasks.o
                0x08010904                xTaskResumeAll
 .text.vTaskDelay
                0x080109d0       0x38 obj/CUPDRONE/tasks.o
                0x080109d0                vTaskDelay
 .text.prvIdleTask
                0x08010a08       0x68 obj/CUPDRONE/tasks.o
 .text.vTaskSwitchContext
                0x08010a70       0x74 obj/CUPDRONE/tasks.o
                0x08010a70                vTaskSwitchContext
 .text.vTaskPlaceOnEventList
                0x08010ae4       0x4c obj/CUPDRONE/tasks.o
                0x08010ae4                vTaskPlaceOnEventList
 .text.vTaskPlaceOnEventListRestricted
                0x08010b30       0x34 obj/CUPDRONE/tasks.o
                0x08010b30                vTaskPlaceOnEventListRestricted
 .text.xTaskRemoveFromEventList
                0x08010b64       0x74 obj/CUPDRONE/tasks.o
                0x08010b64                xTaskRemoveFromEventList
 .text.vTaskSetTimeOutState
                0x08010bd8       0x20 obj/CUPDRONE/tasks.o
                0x08010bd8                vTaskSetTimeOutState
 .text.xTaskCheckForTimeOut
                0x08010bf8       0x5c obj/CUPDRONE/tasks.o
                0x08010bf8                xTaskCheckForTimeOut
 .text.vTaskMissedYield
                0x08010c54        0xc obj/CUPDRONE/tasks.o
                0x08010c54                vTaskMissedYield
 .text.xTaskGetCurrentTaskHandle
                0x08010c60        0xc obj/CUPDRONE/tasks.o
                0x08010c60                xTaskGetCurrentTaskHandle
 .text.xTaskGetSchedulerState
                0x08010c6c       0x1c obj/CUPDRONE/tasks.o
                0x08010c6c                xTaskGetSchedulerState
 .text.vTaskPriorityInherit
                0x08010c88       0x68 obj/CUPDRONE/tasks.o
                0x08010c88                vTaskPriorityInherit
 .text.vTaskPriorityDisinherit
                0x08010cf0       0x48 obj/CUPDRONE/tasks.o
                0x08010cf0                vTaskPriorityDisinherit
 .text.prvCheckForValidListAndQueue
                0x08010d38       0x4c obj/CUPDRONE/timers.o
 .text.prvInsertTimerInActiveList
                0x08010d84       0x3c obj/CUPDRONE/timers.o
 .text.xTimerCreateTimerTask
                0x08010dc0       0x44 obj/CUPDRONE/timers.o
                0x08010dc0                xTimerCreateTimerTask
 .text.xTimerGenericCommand
                0x08010e04       0x40 obj/CUPDRONE/timers.o
                0x08010e04                xTimerGenericCommand
 .text.prvSwitchTimerLists.isra.1
                0x08010e44       0x78 obj/CUPDRONE/timers.o
 .text.prvTimerTask
                0x08010ebc      0x164 obj/CUPDRONE/timers.o
 .text.osThreadCreate
                0x08011020       0x32 obj/CUPDRONE/cmsis_os.o
                0x08011020                osThreadCreate
 .text.osKernelStart
                0x08011052       0x10 obj/CUPDRONE/cmsis_os.o
                0x08011052                osKernelStart
 .text.osDelay  0x08011062       0x10 obj/CUPDRONE/cmsis_os.o
                0x08011062                osDelay
 .text.osMutexCreate
                0x08011072        0x6 obj/CUPDRONE/cmsis_os.o
                0x08011072                osMutexCreate
 .text.osMutexWait
                0x08011078       0x24 obj/CUPDRONE/cmsis_os.o
                0x08011078                osMutexWait
 .text.osMutexRelease
                0x0801109c       0x1e obj/CUPDRONE/cmsis_os.o
                0x0801109c                osMutexRelease
 *fill*         0x080110ba        0x2 
 .text.pvPortMalloc
                0x080110bc       0xb8 obj/CUPDRONE/heap_2.o
                0x080110bc                pvPortMalloc
 .text.vPortFree
                0x08011174       0x40 obj/CUPDRONE/heap_2.o
                0x08011174                vPortFree
 .text.prvPortStartFirstTask
                0x080111b4       0x14 obj/CUPDRONE/port.o
 .text.pxPortInitialiseStack
                0x080111c8       0x1c obj/CUPDRONE/port.o
                0x080111c8                pxPortInitialiseStack
 .text.SVC_Handler
                0x080111e4       0x20 obj/CUPDRONE/port.o
                0x080111e4                SVC_Handler
 .text.vPortYield
                0x08011204       0x18 obj/CUPDRONE/port.o
                0x08011204                vPortYield
 .text.ulPortSetInterruptMask
                0x0801121c       0x10 obj/CUPDRONE/port.o
                0x0801121c                ulPortSetInterruptMask
 .text.prvTaskExitError
                0x0801122c       0x1c obj/CUPDRONE/port.o
 .text.vPortEnterCritical
                0x08011248       0x1c obj/CUPDRONE/port.o
                0x08011248                vPortEnterCritical
 .text.vPortClearInterruptMask
                0x08011264        0x6 obj/CUPDRONE/port.o
                0x08011264                vPortClearInterruptMask
 *fill*         0x0801126a        0x2 
 .text.vPortExitCritical
                0x0801126c       0x14 obj/CUPDRONE/port.o
                0x0801126c                vPortExitCritical
 .text.PendSV_Handler
                0x08011280       0x3c obj/CUPDRONE/port.o
                0x08011280                PendSV_Handler
 .text.xPortSysTickHandler
                0x080112bc       0x24 obj/CUPDRONE/port.o
                0x080112bc                xPortSysTickHandler
 .text.vPortSetupTimerInterrupt
                0x080112e0       0x28 obj/CUPDRONE/port.o
                0x080112e0                vPortSetupTimerInterrupt
 .text.xPortStartScheduler
                0x08011308       0x94 obj/CUPDRONE/port.o
                0x08011308                xPortStartScheduler
 .text.vPortValidateInterruptPriority
                0x0801139c       0x44 obj/CUPDRONE/port.o
                0x0801139c                vPortValidateInterruptPriority
 .text.Standard_GetConfiguration
                0x080113e0       0x24 obj/CUPDRONE/usb_core.o
                0x080113e0                Standard_GetConfiguration
 .text.Standard_GetInterface
                0x08011404       0x24 obj/CUPDRONE/usb_core.o
                0x08011404                Standard_GetInterface
 .text.Standard_GetStatus
                0x08011428       0x90 obj/CUPDRONE/usb_core.o
                0x08011428                Standard_GetStatus
 .text.DataStageIn
                0x080114b8       0xac obj/CUPDRONE/usb_core.o
 .text.Standard_SetConfiguration
                0x08011564       0x38 obj/CUPDRONE/usb_core.o
                0x08011564                Standard_SetConfiguration
 .text.Standard_SetInterface
                0x0801159c       0x48 obj/CUPDRONE/usb_core.o
                0x0801159c                Standard_SetInterface
 .text.Standard_ClearFeature
                0x080115e4       0xd8 obj/CUPDRONE/usb_core.o
                0x080115e4                Standard_ClearFeature
 .text.Standard_SetEndPointFeature
                0x080116bc       0x8c obj/CUPDRONE/usb_core.o
                0x080116bc                Standard_SetEndPointFeature
 .text.Standard_SetDeviceFeature
                0x08011748       0x24 obj/CUPDRONE/usb_core.o
                0x08011748                Standard_SetDeviceFeature
 .text.Standard_GetDescriptorData
                0x0801176c       0x1c obj/CUPDRONE/usb_core.o
                0x0801176c                Standard_GetDescriptorData
 .text.Post0_Process
                0x08011788       0x40 obj/CUPDRONE/usb_core.o
                0x08011788                Post0_Process
 .text.Setup0_Process
                0x080117c8      0x2fc obj/CUPDRONE/usb_core.o
                0x080117c8                Setup0_Process
 .text.Out0_Process
                0x08011ac4       0xcc obj/CUPDRONE/usb_core.o
                0x08011ac4                Out0_Process
 .text.SetDeviceAddress
                0x08011b90       0x40 obj/CUPDRONE/usb_core.o
                0x08011b90                SetDeviceAddress
 .text.In0_Process
                0x08011bd0       0x5c obj/CUPDRONE/usb_core.o
                0x08011bd0                In0_Process
 .text.NOP_Process
                0x08011c2c        0x2 obj/CUPDRONE/usb_core.o
                0x08011c2c                NOP_Process
 *fill*         0x08011c2e        0x2 
 .text.USB_Init
                0x08011c30       0x34 obj/CUPDRONE/usb_init.o
                0x08011c30                USB_Init
 .text.CTR_LP   0x08011c64      0x174 obj/CUPDRONE/usb_int.o
                0x08011c64                CTR_LP
 .text.UserToPMABufferCopy
                0x08011dd8       0x24 obj/CUPDRONE/usb_mem.o
                0x08011dd8                UserToPMABufferCopy
 .text.PMAToUserBufferCopy
                0x08011dfc       0x24 obj/CUPDRONE/usb_mem.o
                0x08011dfc                PMAToUserBufferCopy
 .text.SetBTABLE
                0x08011e20       0x10 obj/CUPDRONE/usb_regs.o
                0x08011e20                SetBTABLE
 .text.SetEPType
                0x08011e30       0x1c obj/CUPDRONE/usb_regs.o
                0x08011e30                SetEPType
 .text.SetEPTxStatus
                0x08011e4c       0x32 obj/CUPDRONE/usb_regs.o
                0x08011e4c                SetEPTxStatus
 .text.SetEPRxStatus
                0x08011e7e       0x32 obj/CUPDRONE/usb_regs.o
                0x08011e7e                SetEPRxStatus
 .text.SetEPTxValid
                0x08011eb0       0x26 obj/CUPDRONE/usb_regs.o
                0x08011eb0                SetEPTxValid
 .text.SetEPRxValid
                0x08011ed6       0x26 obj/CUPDRONE/usb_regs.o
                0x08011ed6                SetEPRxValid
 .text.ClearEPDoubleBuff
                0x08011efc       0x20 obj/CUPDRONE/usb_regs.o
                0x08011efc                ClearEPDoubleBuff
 .text.Clear_Status_Out
                0x08011f1c        0x4 obj/CUPDRONE/usb_regs.o
                0x08011f1c                Clear_Status_Out
 .text.ClearDTOG_RX
                0x08011f20       0x24 obj/CUPDRONE/usb_regs.o
                0x08011f20                ClearDTOG_RX
 .text.ClearDTOG_TX
                0x08011f44       0x24 obj/CUPDRONE/usb_regs.o
                0x08011f44                ClearDTOG_TX
 .text.SetEPTxCount
                0x08011f68       0x1c obj/CUPDRONE/usb_regs.o
                0x08011f68                SetEPTxCount
 .text.SetEPRxCount
                0x08011f84       0x40 obj/CUPDRONE/usb_regs.o
                0x08011f84                SetEPRxCount
 .text.SetEPDblBuf0Addr
                0x08011fc4       0x20 obj/CUPDRONE/usb_regs.o
                0x08011fc4                SetEPDblBuf0Addr
 .text.SetEPTxAddr
                0x08011fe4        0x4 obj/CUPDRONE/usb_regs.o
                0x08011fe4                SetEPTxAddr
 .text.SetEPDblBuf1Addr
                0x08011fe8       0x20 obj/CUPDRONE/usb_regs.o
                0x08011fe8                SetEPDblBuf1Addr
 .text.SetEPRxAddr
                0x08012008        0x4 obj/CUPDRONE/usb_regs.o
                0x08012008                SetEPRxAddr
 .text.GetEPDblBuf0Addr
                0x0801200c       0x20 obj/CUPDRONE/usb_regs.o
                0x0801200c                GetEPDblBuf0Addr
 .text.GetEPTxAddr
                0x0801202c        0x4 obj/CUPDRONE/usb_regs.o
                0x0801202c                GetEPTxAddr
 .text.GetEPDblBuf1Addr
                0x08012030       0x20 obj/CUPDRONE/usb_regs.o
                0x08012030                GetEPDblBuf1Addr
 .text.GetEPRxAddr
                0x08012050        0x4 obj/CUPDRONE/usb_regs.o
                0x08012050                GetEPRxAddr
 .text.GetEPDblBuf1Count
                0x08012054       0x20 obj/CUPDRONE/usb_regs.o
                0x08012054                GetEPDblBuf1Count
 .text.GetEPRxCount
                0x08012074        0x4 obj/CUPDRONE/usb_regs.o
                0x08012074                GetEPRxCount
 .text.ByteSwap
                0x08012078        0xa obj/CUPDRONE/usb_regs.o
                0x08012078                ByteSwap
 *fill*         0x08012082        0x2 
 .text.USB_SIL_Init
                0x08012084       0x20 obj/CUPDRONE/usb_sil.o
                0x08012084                USB_SIL_Init
 .text.USB_SIL_Read
                0x080120a4       0x24 obj/CUPDRONE/usb_sil.o
                0x080120a4                USB_SIL_Read
 .text.IntToUnicode
                0x080120c8       0x28 obj/CUPDRONE/hw_config.o
 .text.USB_LP_CAN1_RX0_IRQHandler
                0x080120f0        0x4 obj/CUPDRONE/hw_config.o
                0x080120f0                USB_LP_CAN1_RX0_IRQHandler
 .text.USBWakeUp_IRQHandler
                0x080120f4        0x8 obj/CUPDRONE/hw_config.o
                0x080120f4                USBWakeUp_IRQHandler
 .text.Set_System
                0x080120fc       0x50 obj/CUPDRONE/hw_config.o
                0x080120fc                Set_System
 .text.Set_USBClock
                0x0801214c       0x16 obj/CUPDRONE/hw_config.o
                0x0801214c                Set_USBClock
 .text.USB_Interrupts_Config
                0x08012162       0x3c obj/CUPDRONE/hw_config.o
                0x08012162                USB_Interrupts_Config
 *fill*         0x0801219e        0x2 
 .text.USB_Cable_Config
                0x080121a0       0x18 obj/CUPDRONE/hw_config.o
                0x080121a0                USB_Cable_Config
 .text.USB_To_USART_Send_Data
                0x080121b8       0x38 obj/CUPDRONE/hw_config.o
                0x080121b8                USB_To_USART_Send_Data
 .text.Handle_USBAsynchXfer
                0x080121f0       0x8c obj/CUPDRONE/hw_config.o
                0x080121f0                Handle_USBAsynchXfer
 .text.USB_Send_Data
                0x0801227c       0x30 obj/CUPDRONE/hw_config.o
                0x0801227c                USB_Send_Data
 .text.Get_SerialNum
                0x080122ac       0x40 obj/CUPDRONE/hw_config.o
                0x080122ac                Get_SerialNum
 .text.EP1_IN_Callback
                0x080122ec       0x64 obj/CUPDRONE/usb_endp.o
                0x080122ec                EP1_IN_Callback
 .text.EP3_OUT_Callback
                0x08012350       0x74 obj/CUPDRONE/usb_endp.o
                0x08012350                EP3_OUT_Callback
 .text.SOF_Callback
                0x080123c4       0x2c obj/CUPDRONE/usb_endp.o
                0x080123c4                SOF_Callback
 .text.USB_Istr
                0x080123f0       0x70 obj/CUPDRONE/usb_istr.o
                0x080123f0                USB_Istr
 .text.Virtual_Com_Port_SetConfiguration
                0x08012460       0x18 obj/CUPDRONE/usb_prop.o
                0x08012460                Virtual_Com_Port_SetConfiguration
 .text.Virtual_Com_Port_SetDeviceAddress
                0x08012478        0xc obj/CUPDRONE/usb_prop.o
                0x08012478                Virtual_Com_Port_SetDeviceAddress
 .text.Virtual_Com_Port_Status_In
                0x08012484       0x14 obj/CUPDRONE/usb_prop.o
                0x08012484                Virtual_Com_Port_Status_In
 .text.Virtual_Com_Port_Status_Out
                0x08012498        0x2 obj/CUPDRONE/usb_prop.o
                0x08012498                Virtual_Com_Port_Status_Out
 *fill*         0x0801249a        0x2 
 .text.Virtual_Com_Port_Data_Setup
                0x0801249c       0x5c obj/CUPDRONE/usb_prop.o
                0x0801249c                Virtual_Com_Port_Data_Setup
 .text.Virtual_Com_Port_NoData_Setup
                0x080124f8       0x38 obj/CUPDRONE/usb_prop.o
                0x080124f8                Virtual_Com_Port_NoData_Setup
 .text.Virtual_Com_Port_Get_Interface_Setting
                0x08012530       0x10 obj/CUPDRONE/usb_prop.o
                0x08012530                Virtual_Com_Port_Get_Interface_Setting
 .text.Virtual_Com_Port_SetLineCoding
                0x08012540       0x18 obj/CUPDRONE/usb_prop.o
                0x08012540                Virtual_Com_Port_SetLineCoding
 .text.Virtual_Com_Port_GetLineCoding
                0x08012558        0x4 obj/CUPDRONE/usb_prop.o
                0x08012558                Virtual_Com_Port_GetLineCoding
 .text.Virtual_Com_Port_init
                0x0801255c       0x24 obj/CUPDRONE/usb_prop.o
                0x0801255c                Virtual_Com_Port_init
 .text.Virtual_Com_Port_Reset
                0x08012580       0xe0 obj/CUPDRONE/usb_prop.o
                0x08012580                Virtual_Com_Port_Reset
 .text.Virtual_Com_Port_GetDeviceDescriptor
                0x08012660        0xc obj/CUPDRONE/usb_prop.o
                0x08012660                Virtual_Com_Port_GetDeviceDescriptor
 .text.Virtual_Com_Port_GetConfigDescriptor
                0x0801266c        0xc obj/CUPDRONE/usb_prop.o
                0x0801266c                Virtual_Com_Port_GetConfigDescriptor
 .text.Virtual_Com_Port_GetStringDescriptor
                0x08012678       0x20 obj/CUPDRONE/usb_prop.o
                0x08012678                Virtual_Com_Port_GetStringDescriptor
 .text.PowerOn  0x08012698       0x30 obj/CUPDRONE/usb_pwr.o
                0x08012698                PowerOn
 .text.thread_main
                0x080126c8       0x90 obj/CUPDRONE/thread_main.o
                0x080126c8                thread_main
 .text._menu_show_menu
                0x08012758      0x10c obj/CUPDRONE/thread_menu.o
 .text.cmd_go_bootloader
                0x08012864       0x20 obj/CUPDRONE/thread_menu.o
                0x08012864                cmd_go_bootloader
 .text.cmd_bluetooth_setup
                0x08012884      0x118 obj/CUPDRONE/thread_menu.o
                0x08012884                cmd_bluetooth_setup
 .text.cmd_bluetooth_check
                0x0801299c       0xe8 obj/CUPDRONE/thread_menu.o
                0x0801299c                cmd_bluetooth_check
 .text.cmd_bluetooth_change_name
                0x08012a84      0x124 obj/CUPDRONE/thread_menu.o
                0x08012a84                cmd_bluetooth_change_name
 .text.thread_menu
                0x08012ba8      0x164 obj/CUPDRONE/thread_menu.o
                0x08012ba8                thread_menu
 .text.thread_mw
                0x08012d0c       0x34 obj/CUPDRONE/thread_mw.o
                0x08012d0c                thread_mw
 .text.thread_nrf
                0x08012d40       0x1c obj/CUPDRONE/thread_nrf.o
                0x08012d40                thread_nrf
 .text.cosf     0x08012d5c       0x78 c:/program files (x86)/gnu tools arm embedded/5.2 2015q4/bin/../lib/gcc/arm-none-eabi/5.2.1/../../../../arm-none-eabi/lib/armv7-m\libm.a(lib_a-sf_cos.o)
                0x08012d5c                cosf
 .text.lrintf   0x08012dd4       0x78 c:/program files (x86)/gnu tools arm embedded/5.2 2015q4/bin/../lib/gcc/arm-none-eabi/5.2.1/../../../../arm-none-eabi/lib/armv7-m\libm.a(lib_a-sf_lrint.o)
                0x08012dd4                lrintf
 .text.sinf     0x08012e4c       0x7c c:/program files (x86)/gnu tools arm embedded/5.2 2015q4/bin/../lib/gcc/arm-none-eabi/5.2.1/../../../../arm-none-eabi/lib/armv7-m\libm.a(lib_a-sf_sin.o)
                0x08012e4c                sinf
 .text.atan2f   0x08012ec8        0x4 c:/program files (x86)/gnu tools arm embedded/5.2 2015q4/bin/../lib/gcc/arm-none-eabi/5.2.1/../../../../arm-none-eabi/lib/armv7-m\libm.a(lib_a-wf_atan2.o)
                0x08012ec8                atan2f
 .text.powf     0x08012ecc      0x320 c:/program files (x86)/gnu tools arm embedded/5.2 2015q4/bin/../lib/gcc/arm-none-eabi/5.2.1/../../../../arm-none-eabi/lib/armv7-m\libm.a(lib_a-wf_pow.o)
                0x08012ecc                powf
 .text.sqrtf    0x080131ec       0x98 c:/program files (x86)/gnu tools arm embedded/5.2 2015q4/bin/../lib/gcc/arm-none-eabi/5.2.1/../../../../arm-none-eabi/lib/armv7-m\libm.a(lib_a-wf_sqrt.o)
                0x080131ec                sqrtf
 .text.__ieee754_atan2f
                0x08013284      0x124 c:/program files (x86)/gnu tools arm embedded/5.2 2015q4/bin/../lib/gcc/arm-none-eabi/5.2.1/../../../../arm-none-eabi/lib/armv7-m\libm.a(lib_a-ef_atan2.o)
                0x08013284                __ieee754_atan2f
 .text.__ieee754_powf
                0x080133a8      0x70c c:/program files (x86)/gnu tools arm embedded/5.2 2015q4/bin/../lib/gcc/arm-none-eabi/5.2.1/../../../../arm-none-eabi/lib/armv7-m\libm.a(lib_a-ef_pow.o)
                0x080133a8                __ieee754_powf
 .text.__ieee754_rem_pio2f
                0x08013ab4      0x2e4 c:/program files (x86)/gnu tools arm embedded/5.2 2015q4/bin/../lib/gcc/arm-none-eabi/5.2.1/../../../../arm-none-eabi/lib/armv7-m\libm.a(lib_a-ef_rem_pio2.o)
                0x08013ab4                __ieee754_rem_pio2f
 .text.__ieee754_sqrtf
                0x08013d98       0xa8 c:/program files (x86)/gnu tools arm embedded/5.2 2015q4/bin/../lib/gcc/arm-none-eabi/5.2.1/../../../../arm-none-eabi/lib/armv7-m\libm.a(lib_a-ef_sqrt.o)
                0x08013d98                __ieee754_sqrtf
 .text.__kernel_cosf
                0x08013e40      0x188 c:/program files (x86)/gnu tools arm embedded/5.2 2015q4/bin/../lib/gcc/arm-none-eabi/5.2.1/../../../../arm-none-eabi/lib/armv7-m\libm.a(lib_a-kf_cos.o)
                0x08013e40                __kernel_cosf
 .text.__kernel_rem_pio2f
                0x08013fc8      0x6a8 c:/program files (x86)/gnu tools arm embedded/5.2 2015q4/bin/../lib/gcc/arm-none-eabi/5.2.1/../../../../arm-none-eabi/lib/armv7-m\libm.a(lib_a-kf_rem_pio2.o)
                0x08013fc8                __kernel_rem_pio2f
 .text.__kernel_sinf
                0x08014670       0xec c:/program files (x86)/gnu tools arm embedded/5.2 2015q4/bin/../lib/gcc/arm-none-eabi/5.2.1/../../../../arm-none-eabi/lib/armv7-m\libm.a(lib_a-kf_sin.o)
                0x08014670                __kernel_sinf
 .text.matherr  0x0801475c        0x4 c:/program files (x86)/gnu tools arm embedded/5.2 2015q4/bin/../lib/gcc/arm-none-eabi/5.2.1/../../../../arm-none-eabi/lib/armv7-m\libm.a(lib_a-s_matherr.o)
                0x0801475c                matherr
 .text.rint     0x08014760      0x120 c:/program files (x86)/gnu tools arm embedded/5.2 2015q4/bin/../lib/gcc/arm-none-eabi/5.2.1/../../../../arm-none-eabi/lib/armv7-m\libm.a(lib_a-s_rint.o)
                0x08014760                rint
 .text.atanf    0x08014880      0x22c c:/program files (x86)/gnu tools arm embedded/5.2 2015q4/bin/../lib/gcc/arm-none-eabi/5.2.1/../../../../arm-none-eabi/lib/armv7-m\libm.a(lib_a-sf_atan.o)
                0x08014880                atanf
 .text.fabsf    0x08014aac        0x8 c:/program files (x86)/gnu tools arm embedded/5.2 2015q4/bin/../lib/gcc/arm-none-eabi/5.2.1/../../../../arm-none-eabi/lib/armv7-m\libm.a(lib_a-sf_fabs.o)
                0x08014aac                fabsf
 .text.finitef  0x08014ab4       0x10 c:/program files (x86)/gnu tools arm embedded/5.2 2015q4/bin/../lib/gcc/arm-none-eabi/5.2.1/../../../../arm-none-eabi/lib/armv7-m\libm.a(lib_a-sf_finite.o)
                0x08014ab4                finitef
 .text.floorf   0x08014ac4       0x8c c:/program files (x86)/gnu tools arm embedded/5.2 2015q4/bin/../lib/gcc/arm-none-eabi/5.2.1/../../../../arm-none-eabi/lib/armv7-m\libm.a(lib_a-sf_floor.o)
                0x08014ac4                floorf
 .text.__fpclassifyf
                0x08014b50       0x34 c:/program files (x86)/gnu tools arm embedded/5.2 2015q4/bin/../lib/gcc/arm-none-eabi/5.2.1/../../../../arm-none-eabi/lib/armv7-m\libm.a(lib_a-sf_fpclassify.o)
                0x08014b50                __fpclassifyf
 .text.nanf     0x08014b84        0x8 c:/program files (x86)/gnu tools arm embedded/5.2 2015q4/bin/../lib/gcc/arm-none-eabi/5.2.1/../../../../arm-none-eabi/lib/armv7-m\libm.a(lib_a-sf_nan.o)
                0x08014b84                nanf
 .text.scalbnf  0x08014b8c       0xb0 c:/program files (x86)/gnu tools arm embedded/5.2 2015q4/bin/../lib/gcc/arm-none-eabi/5.2.1/../../../../arm-none-eabi/lib/armv7-m\libm.a(lib_a-sf_scalbn.o)
                0x08014b8c                scalbnf
 .text.copysignf
                0x08014c3c        0xc c:/program files (x86)/gnu tools arm embedded/5.2 2015q4/bin/../lib/gcc/arm-none-eabi/5.2.1/../../../../arm-none-eabi/lib/armv7-m\libm.a(lib_a-sf_copysign.o)
                0x08014c3c                copysignf
 .text.atoi     0x08014c48        0x8 c:/program files (x86)/gnu tools arm embedded/5.2 2015q4/bin/../lib/gcc/arm-none-eabi/5.2.1/../../../../arm-none-eabi/lib/armv7-m\libc.a(lib_a-atoi.o)
                0x08014c48                atoi
 .text.bsearch  0x08014c50       0x44 c:/program files (x86)/gnu tools arm embedded/5.2 2015q4/bin/../lib/gcc/arm-none-eabi/5.2.1/../../../../arm-none-eabi/lib/armv7-m\libc.a(lib_a-bsearch.o)
                0x08014c50                bsearch
 .text.__errno  0x08014c94        0xc c:/program files (x86)/gnu tools arm embedded/5.2 2015q4/bin/../lib/gcc/arm-none-eabi/5.2.1/../../../../arm-none-eabi/lib/armv7-m\libc.a(lib_a-errno.o)
                0x08014c94                __errno
 .text.__libc_init_array
                0x08014ca0       0x50 c:/program files (x86)/gnu tools arm embedded/5.2 2015q4/bin/../lib/gcc/arm-none-eabi/5.2.1/../../../../arm-none-eabi/lib/armv7-m\libc.a(lib_a-init.o)
                0x08014ca0                __libc_init_array
 .text.memset   0x08014cf0       0x9c c:/program files (x86)/gnu tools arm embedded/5.2 2015q4/bin/../lib/gcc/arm-none-eabi/5.2.1/../../../../arm-none-eabi/lib/armv7-m\libc.a(lib_a-memset.o)
                0x08014cf0                memset
 .text.strcat   0x08014d8c       0x40 c:/program files (x86)/gnu tools arm embedded/5.2 2015q4/bin/../lib/gcc/arm-none-eabi/5.2.1/../../../../arm-none-eabi/lib/armv7-m\libc.a(lib_a-strcat.o)
                0x08014d8c                strcat
 .text.strchr   0x08014dcc       0xd0 c:/program files (x86)/gnu tools arm embedded/5.2 2015q4/bin/../lib/gcc/arm-none-eabi/5.2.1/../../../../arm-none-eabi/lib/armv7-m\libc.a(lib_a-strchr.o)
                0x08014dcc                strchr
 .text.strcpy   0x08014e9c       0xbc c:/program files (x86)/gnu tools arm embedded/5.2 2015q4/bin/../lib/gcc/arm-none-eabi/5.2.1/../../../../arm-none-eabi/lib/armv7-m\libc.a(lib_a-strcpy.o)
                0x08014e9c                strcpy
 .text.strlen   0x08014f58       0x5c c:/program files (x86)/gnu tools arm embedded/5.2 2015q4/bin/../lib/gcc/arm-none-eabi/5.2.1/../../../../arm-none-eabi/lib/armv7-m\libc.a(lib_a-strlen-stub.o)
                0x08014f58                strlen
 .text.strncasecmp
                0x08014fb4       0x54 c:/program files (x86)/gnu tools arm embedded/5.2 2015q4/bin/../lib/gcc/arm-none-eabi/5.2.1/../../../../arm-none-eabi/lib/armv7-m\libc.a(lib_a-strncasecmp.o)
                0x08014fb4                strncasecmp
 .text.strncpy  0x08015008       0x68 c:/program files (x86)/gnu tools arm embedded/5.2 2015q4/bin/../lib/gcc/arm-none-eabi/5.2.1/../../../../arm-none-eabi/lib/armv7-m\libc.a(lib_a-strncpy.o)
                0x08015008                strncpy
 .text.critical_factorization
                0x08015070       0xb8 c:/program files (x86)/gnu tools arm embedded/5.2 2015q4/bin/../lib/gcc/arm-none-eabi/5.2.1/../../../../arm-none-eabi/lib/armv7-m\libc.a(lib_a-strstr.o)
 .text.two_way_long_needle
                0x08015128      0x200 c:/program files (x86)/gnu tools arm embedded/5.2 2015q4/bin/../lib/gcc/arm-none-eabi/5.2.1/../../../../arm-none-eabi/lib/armv7-m\libc.a(lib_a-strstr.o)
 .text.strstr   0x08015328      0x220 c:/program files (x86)/gnu tools arm embedded/5.2 2015q4/bin/../lib/gcc/arm-none-eabi/5.2.1/../../../../arm-none-eabi/lib/armv7-m\libc.a(lib_a-strstr.o)
                0x08015328                strstr
 .text.strtok   0x08015548       0x10 c:/program files (x86)/gnu tools arm embedded/5.2 2015q4/bin/../lib/gcc/arm-none-eabi/5.2.1/../../../../arm-none-eabi/lib/armv7-m\libc.a(lib_a-strtok.o)
                0x08015548                strtok
 .text.__strtok_r
                0x08015558       0x64 c:/program files (x86)/gnu tools arm embedded/5.2 2015q4/bin/../lib/gcc/arm-none-eabi/5.2.1/../../../../arm-none-eabi/lib/armv7-m\libc.a(lib_a-strtok_r.o)
                0x08015558                __strtok_r
 .text._strtol_r
                0x080155bc      0x128 c:/program files (x86)/gnu tools arm embedded/5.2 2015q4/bin/../lib/gcc/arm-none-eabi/5.2.1/../../../../arm-none-eabi/lib/armv7-m\libc.a(lib_a-strtol.o)
                0x080155bc                _strtol_r
 .text.strtol   0x080156e4       0x18 c:/program files (x86)/gnu tools arm embedded/5.2 2015q4/bin/../lib/gcc/arm-none-eabi/5.2.1/../../../../arm-none-eabi/lib/armv7-m\libc.a(lib_a-strtol.o)
                0x080156e4                strtol
 .text.startup.register_fini
                0x080156fc       0x14 c:/program files (x86)/gnu tools arm embedded/5.2 2015q4/bin/../lib/gcc/arm-none-eabi/5.2.1/../../../../arm-none-eabi/lib/armv7-m\libc.a(lib_a-__call_atexit.o)
 .text.atexit   0x08015710        0xc c:/program files (x86)/gnu tools arm embedded/5.2 2015q4/bin/../lib/gcc/arm-none-eabi/5.2.1/../../../../arm-none-eabi/lib/armv7-m\libc.a(lib_a-atexit.o)
                0x08015710                atexit
 .text.__libc_fini_array